Archive member included to satisfy reference by file (symbol)

/root/esp/github/esp8266_rtos_sdk_sh1106/build/bootloader/main/libmain.a(bootloader_start.o)
                              (call_start_cpu)
/root/esp/github/esp8266_rtos_sdk_sh1106/build/bootloader/bootloader_support/libbootloader_support.a(bootloader_init.o)
                              /root/esp/github/esp8266_rtos_sdk_sh1106/build/bootloader/main/libmain.a(bootloader_start.o) (bootloader_init)
/root/esp/github/esp8266_rtos_sdk_sh1106/build/bootloader/bootloader_support/libbootloader_support.a(bootloader_utility.o)
                              /root/esp/github/esp8266_rtos_sdk_sh1106/build/bootloader/main/libmain.a(bootloader_start.o) (bootloader_utility_load_partition_table)
/root/esp/github/esp8266_rtos_sdk_sh1106/build/bootloader/bootloader_support/libbootloader_support.a(bootloader_common.o)
                              /root/esp/github/esp8266_rtos_sdk_sh1106/build/bootloader/bootloader_support/libbootloader_support.a(bootloader_utility.o) (bootloader_common_ota_select_valid)
/root/esp/github/esp8266_rtos_sdk_sh1106/build/bootloader/bootloader_support/libbootloader_support.a(flash_partitions.o)
                              /root/esp/github/esp8266_rtos_sdk_sh1106/build/bootloader/bootloader_support/libbootloader_support.a(bootloader_utility.o) (esp_partition_table_basic_verify)
/root/esp/github/esp8266_rtos_sdk_sh1106/build/bootloader/bootloader_support/libbootloader_support.a(esp_image_format.o)
                              /root/esp/github/esp8266_rtos_sdk_sh1106/build/bootloader/bootloader_support/libbootloader_support.a(bootloader_utility.o) (esp_image_load)
/root/esp/github/esp8266_rtos_sdk_sh1106/build/bootloader/bootloader_support/libbootloader_support.a(bootloader_flash.o)
                              /root/esp/github/esp8266_rtos_sdk_sh1106/build/bootloader/bootloader_support/libbootloader_support.a(bootloader_utility.o) (bootloader_mmap)
/root/esp/github/esp8266_rtos_sdk_sh1106/build/bootloader/spi_flash/libspi_flash.a(spi_flash.o)
                              /root/esp/github/esp8266_rtos_sdk_sh1106/build/bootloader/bootloader_support/libbootloader_support.a(flash_partitions.o) (g_rom_flashchip)
/root/esp/github/esp8266_rtos_sdk_sh1106/build/bootloader/spi_flash/libspi_flash.a(spi_flash_raw.o)
                              /root/esp/github/esp8266_rtos_sdk_sh1106/build/bootloader/spi_flash/libspi_flash.a(spi_flash.o) (spi_flash_get_id_raw)
/root/esp/github/esp8266_rtos_sdk_sh1106/build/bootloader/log/liblog.a(log.o)
                              /root/esp/github/esp8266_rtos_sdk_sh1106/build/bootloader/bootloader_support/libbootloader_support.a(bootloader_common.o) (esp_log_early_timestamp)
/root/esp/github/esp8266_rtos_sdk_sh1106/build/bootloader/esp8266/libesp8266.a(ets_printf.o)
                              /root/esp/github/esp8266_rtos_sdk_sh1106/build/bootloader/log/liblog.a(log.o) (ets_vprintf)
/root/esp/github/esp8266_rtos_sdk_sh1106/build/bootloader/esp8266/libesp8266.a(crc.o)
                              /root/esp/github/esp8266_rtos_sdk_sh1106/build/bootloader/bootloader_support/libbootloader_support.a(bootloader_common.o) (crc32_le)
/root/esp/github/esp8266_rtos_sdk_sh1106/build/bootloader/esp8266/libesp8266.a(esp_fast_boot.o)
                              /root/esp/github/esp8266_rtos_sdk_sh1106/build/bootloader/bootloader_support/libbootloader_support.a(bootloader_utility.o) (esp_fast_boot_get_info)
/root/esp/ESP8266_RTOS_SDK/components/esp8266/lib/libcore.a(phy.o)
                              /root/esp/github/esp8266_rtos_sdk_sh1106/build/bootloader/bootloader_support/libbootloader_support.a(bootloader_init.o) (phy_reg_default)
/root/esp/ESP8266_RTOS_SDK/components/esp8266/lib/libcore.a(uart.o)
                              /root/esp/github/esp8266_rtos_sdk_sh1106/build/bootloader/bootloader_support/libbootloader_support.a(bootloader_init.o) (uart_div_modify)

Allocating common symbols
Common symbol       size              file

esp_image_spi_freq_t
                    0x4               /root/esp/github/esp8266_rtos_sdk_sh1106/build/bootloader/main/libmain.a(bootloader_start.o)

Discarded input sections

 .text          0x0000000000000000        0x0 /root/esp/github/esp8266_rtos_sdk_sh1106/build/bootloader/main/libmain.a(bootloader_start.o)
 .data          0x0000000000000000        0x0 /root/esp/github/esp8266_rtos_sdk_sh1106/build/bootloader/main/libmain.a(bootloader_start.o)
 .bss           0x0000000000000000        0x0 /root/esp/github/esp8266_rtos_sdk_sh1106/build/bootloader/main/libmain.a(bootloader_start.o)
 .xt.lit        0x0000000000000000       0x18 /root/esp/github/esp8266_rtos_sdk_sh1106/build/bootloader/main/libmain.a(bootloader_start.o)
 .xt.prop       0x0000000000000000       0xe4 /root/esp/github/esp8266_rtos_sdk_sh1106/build/bootloader/main/libmain.a(bootloader_start.o)
 COMMON         0x0000000000000000        0x4 /root/esp/github/esp8266_rtos_sdk_sh1106/build/bootloader/main/libmain.a(bootloader_start.o)
 .text          0x0000000000000000        0x0 /root/esp/github/esp8266_rtos_sdk_sh1106/build/bootloader/bootloader_support/libbootloader_support.a(bootloader_init.o)
 .data          0x0000000000000000        0x0 /root/esp/github/esp8266_rtos_sdk_sh1106/build/bootloader/bootloader_support/libbootloader_support.a(bootloader_init.o)
 .bss           0x0000000000000000        0x0 /root/esp/github/esp8266_rtos_sdk_sh1106/build/bootloader/bootloader_support/libbootloader_support.a(bootloader_init.o)
 .xt.lit        0x0000000000000000       0x28 /root/esp/github/esp8266_rtos_sdk_sh1106/build/bootloader/bootloader_support/libbootloader_support.a(bootloader_init.o)
 .xt.prop       0x0000000000000000      0x24c /root/esp/github/esp8266_rtos_sdk_sh1106/build/bootloader/bootloader_support/libbootloader_support.a(bootloader_init.o)
 .literal.bootloader_utility_fast_boot_image
                0x0000000000000000        0x8 /root/esp/github/esp8266_rtos_sdk_sh1106/build/bootloader/bootloader_support/libbootloader_support.a(bootloader_utility.o)
 .text          0x0000000000000000        0x0 /root/esp/github/esp8266_rtos_sdk_sh1106/build/bootloader/bootloader_support/libbootloader_support.a(bootloader_utility.o)
 .data          0x0000000000000000        0x0 /root/esp/github/esp8266_rtos_sdk_sh1106/build/bootloader/bootloader_support/libbootloader_support.a(bootloader_utility.o)
 .bss           0x0000000000000000        0x0 /root/esp/github/esp8266_rtos_sdk_sh1106/build/bootloader/bootloader_support/libbootloader_support.a(bootloader_utility.o)
 .text.bootloader_utility_fast_boot_image
                0x0000000000000000       0x27 /root/esp/github/esp8266_rtos_sdk_sh1106/build/bootloader/bootloader_support/libbootloader_support.a(bootloader_utility.o)
 .xt.lit        0x0000000000000000       0x40 /root/esp/github/esp8266_rtos_sdk_sh1106/build/bootloader/bootloader_support/libbootloader_support.a(bootloader_utility.o)
 .xt.prop       0x0000000000000000      0x510 /root/esp/github/esp8266_rtos_sdk_sh1106/build/bootloader/bootloader_support/libbootloader_support.a(bootloader_utility.o)
 .literal.bootloader_common_check_long_hold_gpio
                0x0000000000000000       0x58 /root/esp/github/esp8266_rtos_sdk_sh1106/build/bootloader/bootloader_support/libbootloader_support.a(bootloader_common.o)
 .text          0x0000000000000000        0x0 /root/esp/github/esp8266_rtos_sdk_sh1106/build/bootloader/bootloader_support/libbootloader_support.a(bootloader_common.o)
 .data          0x0000000000000000        0x0 /root/esp/github/esp8266_rtos_sdk_sh1106/build/bootloader/bootloader_support/libbootloader_support.a(bootloader_common.o)
 .bss           0x0000000000000000        0x0 /root/esp/github/esp8266_rtos_sdk_sh1106/build/bootloader/bootloader_support/libbootloader_support.a(bootloader_common.o)
 .text.bootloader_common_check_long_hold_gpio
                0x0000000000000000      0x230 /root/esp/github/esp8266_rtos_sdk_sh1106/build/bootloader/bootloader_support/libbootloader_support.a(bootloader_common.o)
 .xt.lit        0x0000000000000000       0x18 /root/esp/github/esp8266_rtos_sdk_sh1106/build/bootloader/bootloader_support/libbootloader_support.a(bootloader_common.o)
 .xt.prop       0x0000000000000000      0x420 /root/esp/github/esp8266_rtos_sdk_sh1106/build/bootloader/bootloader_support/libbootloader_support.a(bootloader_common.o)
 .text          0x0000000000000000        0x0 /root/esp/github/esp8266_rtos_sdk_sh1106/build/bootloader/bootloader_support/libbootloader_support.a(flash_partitions.o)
 .data          0x0000000000000000        0x0 /root/esp/github/esp8266_rtos_sdk_sh1106/build/bootloader/bootloader_support/libbootloader_support.a(flash_partitions.o)
 .bss           0x0000000000000000        0x0 /root/esp/github/esp8266_rtos_sdk_sh1106/build/bootloader/bootloader_support/libbootloader_support.a(flash_partitions.o)
 .xt.lit        0x0000000000000000        0x8 /root/esp/github/esp8266_rtos_sdk_sh1106/build/bootloader/bootloader_support/libbootloader_support.a(flash_partitions.o)
 .xt.prop       0x0000000000000000       0xcc /root/esp/github/esp8266_rtos_sdk_sh1106/build/bootloader/bootloader_support/libbootloader_support.a(flash_partitions.o)
 .literal.esp_image_verify_bootloader
                0x0000000000000000        0x8 /root/esp/github/esp8266_rtos_sdk_sh1106/build/bootloader/bootloader_support/libbootloader_support.a(esp_image_format.o)
 .text          0x0000000000000000        0x0 /root/esp/github/esp8266_rtos_sdk_sh1106/build/bootloader/bootloader_support/libbootloader_support.a(esp_image_format.o)
 .data          0x0000000000000000        0x0 /root/esp/github/esp8266_rtos_sdk_sh1106/build/bootloader/bootloader_support/libbootloader_support.a(esp_image_format.o)
 .bss           0x0000000000000000        0x0 /root/esp/github/esp8266_rtos_sdk_sh1106/build/bootloader/bootloader_support/libbootloader_support.a(esp_image_format.o)
 .text.esp_image_verify_bootloader
                0x0000000000000000       0x41 /root/esp/github/esp8266_rtos_sdk_sh1106/build/bootloader/bootloader_support/libbootloader_support.a(esp_image_format.o)
 .xt.lit        0x0000000000000000       0x40 /root/esp/github/esp8266_rtos_sdk_sh1106/build/bootloader/bootloader_support/libbootloader_support.a(esp_image_format.o)
 .xt.prop       0x0000000000000000      0x3e4 /root/esp/github/esp8266_rtos_sdk_sh1106/build/bootloader/bootloader_support/libbootloader_support.a(esp_image_format.o)
 .literal.bootloader_flash_write
                0x0000000000000000       0x28 /root/esp/github/esp8266_rtos_sdk_sh1106/build/bootloader/bootloader_support/libbootloader_support.a(bootloader_flash.o)
 .literal.bootloader_flash_erase_sector
                0x0000000000000000        0x4 /root/esp/github/esp8266_rtos_sdk_sh1106/build/bootloader/bootloader_support/libbootloader_support.a(bootloader_flash.o)
 .text          0x0000000000000000        0x0 /root/esp/github/esp8266_rtos_sdk_sh1106/build/bootloader/bootloader_support/libbootloader_support.a(bootloader_flash.o)
 .data          0x0000000000000000        0x0 /root/esp/github/esp8266_rtos_sdk_sh1106/build/bootloader/bootloader_support/libbootloader_support.a(bootloader_flash.o)
 .bss           0x0000000000000000        0x0 /root/esp/github/esp8266_rtos_sdk_sh1106/build/bootloader/bootloader_support/libbootloader_support.a(bootloader_flash.o)
 .rodata.bootloader_flash_write.str1.4
                0x0000000000000000       0xa7 /root/esp/github/esp8266_rtos_sdk_sh1106/build/bootloader/bootloader_support/libbootloader_support.a(bootloader_flash.o)
 .text.bootloader_flash_write
                0x0000000000000000       0x9d /root/esp/github/esp8266_rtos_sdk_sh1106/build/bootloader/bootloader_support/libbootloader_support.a(bootloader_flash.o)
 .text.bootloader_flash_erase_sector
                0x0000000000000000       0x15 /root/esp/github/esp8266_rtos_sdk_sh1106/build/bootloader/bootloader_support/libbootloader_support.a(bootloader_flash.o)
 .xt.lit        0x0000000000000000       0x30 /root/esp/github/esp8266_rtos_sdk_sh1106/build/bootloader/bootloader_support/libbootloader_support.a(bootloader_flash.o)
 .xt.prop       0x0000000000000000      0x258 /root/esp/github/esp8266_rtos_sdk_sh1106/build/bootloader/bootloader_support/libbootloader_support.a(bootloader_flash.o)
 .literal.spi_flash_program
                0x0000000000000000       0x20 /root/esp/github/esp8266_rtos_sdk_sh1106/build/bootloader/spi_flash/libspi_flash.a(spi_flash.o)
 .literal.__spi_flash_write
                0x0000000000000000        0x8 /root/esp/github/esp8266_rtos_sdk_sh1106/build/bootloader/spi_flash/libspi_flash.a(spi_flash.o)
 .literal.__spi_flash_read
                0x0000000000000000       0x10 /root/esp/github/esp8266_rtos_sdk_sh1106/build/bootloader/spi_flash/libspi_flash.a(spi_flash.o)
 .literal.spi_flash_write_status
                0x0000000000000000        0xc /root/esp/github/esp8266_rtos_sdk_sh1106/build/bootloader/spi_flash/libspi_flash.a(spi_flash.o)
 .literal.spi_flash_check_wr_protect
                0x0000000000000000       0x4c /root/esp/github/esp8266_rtos_sdk_sh1106/build/bootloader/spi_flash/libspi_flash.a(spi_flash.o)
 .literal.spi_flash_erase_sector
                0x0000000000000000       0x18 /root/esp/github/esp8266_rtos_sdk_sh1106/build/bootloader/spi_flash/libspi_flash.a(spi_flash.o)
 .literal.spi_flash_read
                0x0000000000000000       0x24 /root/esp/github/esp8266_rtos_sdk_sh1106/build/bootloader/spi_flash/libspi_flash.a(spi_flash.o)
 .literal.spi_flash_write
                0x0000000000000000       0x3c /root/esp/github/esp8266_rtos_sdk_sh1106/build/bootloader/spi_flash/libspi_flash.a(spi_flash.o)
 .literal.spi_flash_erase_range
                0x0000000000000000       0x10 /root/esp/github/esp8266_rtos_sdk_sh1106/build/bootloader/spi_flash/libspi_flash.a(spi_flash.o)
 .literal.spi_flash_cache2phys
                0x0000000000000000       0x18 /root/esp/github/esp8266_rtos_sdk_sh1106/build/bootloader/spi_flash/libspi_flash.a(spi_flash.o)
 .literal.spi_flash_get_chip_size
                0x0000000000000000        0x4 /root/esp/github/esp8266_rtos_sdk_sh1106/build/bootloader/spi_flash/libspi_flash.a(spi_flash.o)
 .text          0x0000000000000000        0x0 /root/esp/github/esp8266_rtos_sdk_sh1106/build/bootloader/spi_flash/libspi_flash.a(spi_flash.o)
 .data          0x0000000000000000        0x0 /root/esp/github/esp8266_rtos_sdk_sh1106/build/bootloader/spi_flash/libspi_flash.a(spi_flash.o)
 .bss           0x0000000000000000        0x0 /root/esp/github/esp8266_rtos_sdk_sh1106/build/bootloader/spi_flash/libspi_flash.a(spi_flash.o)
 .text.spi_flash_program
                0x0000000000000000       0xd8 /root/esp/github/esp8266_rtos_sdk_sh1106/build/bootloader/spi_flash/libspi_flash.a(spi_flash.o)
 .text.__spi_flash_write
                0x0000000000000000       0x23 /root/esp/github/esp8266_rtos_sdk_sh1106/build/bootloader/spi_flash/libspi_flash.a(spi_flash.o)
 .text.__spi_flash_read
                0x0000000000000000       0x31 /root/esp/github/esp8266_rtos_sdk_sh1106/build/bootloader/spi_flash/libspi_flash.a(spi_flash.o)
 .text.spi_flash_write_status
                0x0000000000000000       0x2a /root/esp/github/esp8266_rtos_sdk_sh1106/build/bootloader/spi_flash/libspi_flash.a(spi_flash.o)
 .text.spi_flash_check_wr_protect
                0x0000000000000000      0x165 /root/esp/github/esp8266_rtos_sdk_sh1106/build/bootloader/spi_flash/libspi_flash.a(spi_flash.o)
 .text.spi_flash_erase_sector
                0x0000000000000000       0x56 /root/esp/github/esp8266_rtos_sdk_sh1106/build/bootloader/spi_flash/libspi_flash.a(spi_flash.o)
 .text.spi_flash_read
                0x0000000000000000      0x109 /root/esp/github/esp8266_rtos_sdk_sh1106/build/bootloader/spi_flash/libspi_flash.a(spi_flash.o)
 .text.spi_flash_write
                0x0000000000000000      0x176 /root/esp/github/esp8266_rtos_sdk_sh1106/build/bootloader/spi_flash/libspi_flash.a(spi_flash.o)
 .text.spi_flash_erase_range
                0x0000000000000000       0x67 /root/esp/github/esp8266_rtos_sdk_sh1106/build/bootloader/spi_flash/libspi_flash.a(spi_flash.o)
 .text.spi_flash_cache2phys
                0x0000000000000000       0x4e /root/esp/github/esp8266_rtos_sdk_sh1106/build/bootloader/spi_flash/libspi_flash.a(spi_flash.o)
 .text.spi_flash_get_chip_size
                0x0000000000000000        0x7 /root/esp/github/esp8266_rtos_sdk_sh1106/build/bootloader/spi_flash/libspi_flash.a(spi_flash.o)
 .xt.lit        0x0000000000000000       0xd0 /root/esp/github/esp8266_rtos_sdk_sh1106/build/bootloader/spi_flash/libspi_flash.a(spi_flash.o)
 .xt.prop       0x0000000000000000      0xb04 /root/esp/github/esp8266_rtos_sdk_sh1106/build/bootloader/spi_flash/libspi_flash.a(spi_flash.o)
 .literal.spi_flash_write_status_raw
                0x0000000000000000       0x1c /root/esp/github/esp8266_rtos_sdk_sh1106/build/bootloader/spi_flash/libspi_flash.a(spi_flash_raw.o)
 .literal.spi_flash_erase_sector_raw
                0x0000000000000000       0x14 /root/esp/github/esp8266_rtos_sdk_sh1106/build/bootloader/spi_flash/libspi_flash.a(spi_flash_raw.o)
 .literal.spi_flash_write_raw
                0x0000000000000000        0xc /root/esp/github/esp8266_rtos_sdk_sh1106/build/bootloader/spi_flash/libspi_flash.a(spi_flash_raw.o)
 .literal.spi_flash_read_raw
                0x0000000000000000        0xc /root/esp/github/esp8266_rtos_sdk_sh1106/build/bootloader/spi_flash/libspi_flash.a(spi_flash_raw.o)
 .text          0x0000000000000000        0x0 /root/esp/github/esp8266_rtos_sdk_sh1106/build/bootloader/spi_flash/libspi_flash.a(spi_flash_raw.o)
 .data          0x0000000000000000        0x0 /root/esp/github/esp8266_rtos_sdk_sh1106/build/bootloader/spi_flash/libspi_flash.a(spi_flash_raw.o)
 .bss           0x0000000000000000        0x0 /root/esp/github/esp8266_rtos_sdk_sh1106/build/bootloader/spi_flash/libspi_flash.a(spi_flash_raw.o)
 .text.spi_flash_write_status_raw
                0x0000000000000000       0x5c /root/esp/github/esp8266_rtos_sdk_sh1106/build/bootloader/spi_flash/libspi_flash.a(spi_flash_raw.o)
 .text.spi_flash_erase_sector_raw
                0x0000000000000000       0x50 /root/esp/github/esp8266_rtos_sdk_sh1106/build/bootloader/spi_flash/libspi_flash.a(spi_flash_raw.o)
 .text.spi_flash_write_raw
                0x0000000000000000       0x43 /root/esp/github/esp8266_rtos_sdk_sh1106/build/bootloader/spi_flash/libspi_flash.a(spi_flash_raw.o)
 .text.spi_flash_read_raw
                0x0000000000000000       0x43 /root/esp/github/esp8266_rtos_sdk_sh1106/build/bootloader/spi_flash/libspi_flash.a(spi_flash_raw.o)
 .xt.lit        0x0000000000000000       0x58 /root/esp/github/esp8266_rtos_sdk_sh1106/build/bootloader/spi_flash/libspi_flash.a(spi_flash_raw.o)
 .xt.prop       0x0000000000000000      0x348 /root/esp/github/esp8266_rtos_sdk_sh1106/build/bootloader/spi_flash/libspi_flash.a(spi_flash_raw.o)
 .text          0x0000000000000000        0x0 /root/esp/github/esp8266_rtos_sdk_sh1106/build/bootloader/log/liblog.a(log.o)
 .data          0x0000000000000000        0x0 /root/esp/github/esp8266_rtos_sdk_sh1106/build/bootloader/log/liblog.a(log.o)
 .bss           0x0000000000000000        0x0 /root/esp/github/esp8266_rtos_sdk_sh1106/build/bootloader/log/liblog.a(log.o)
 .xt.lit        0x0000000000000000       0x10 /root/esp/github/esp8266_rtos_sdk_sh1106/build/bootloader/log/liblog.a(log.o)
 .xt.prop       0x0000000000000000       0xcc /root/esp/github/esp8266_rtos_sdk_sh1106/build/bootloader/log/liblog.a(log.o)
 .text          0x0000000000000000        0x0 /root/esp/github/esp8266_rtos_sdk_sh1106/build/bootloader/esp8266/libesp8266.a(ets_printf.o)
 .data          0x0000000000000000        0x0 /root/esp/github/esp8266_rtos_sdk_sh1106/build/bootloader/esp8266/libesp8266.a(ets_printf.o)
 .bss           0x0000000000000000        0x0 /root/esp/github/esp8266_rtos_sdk_sh1106/build/bootloader/esp8266/libesp8266.a(ets_printf.o)
 .xt.lit        0x0000000000000000       0x20 /root/esp/github/esp8266_rtos_sdk_sh1106/build/bootloader/esp8266/libesp8266.a(ets_printf.o)
 .xt.prop       0x0000000000000000       0xe4 /root/esp/github/esp8266_rtos_sdk_sh1106/build/bootloader/esp8266/libesp8266.a(ets_printf.o)
 .literal.crc16_le
                0x0000000000000000        0x4 /root/esp/github/esp8266_rtos_sdk_sh1106/build/bootloader/esp8266/libesp8266.a(crc.o)
 .literal.esp_crc8
                0x0000000000000000        0x4 /root/esp/github/esp8266_rtos_sdk_sh1106/build/bootloader/esp8266/libesp8266.a(crc.o)
 .text          0x0000000000000000        0x0 /root/esp/github/esp8266_rtos_sdk_sh1106/build/bootloader/esp8266/libesp8266.a(crc.o)
 .data          0x0000000000000000        0x0 /root/esp/github/esp8266_rtos_sdk_sh1106/build/bootloader/esp8266/libesp8266.a(crc.o)
 .bss           0x0000000000000000        0x0 /root/esp/github/esp8266_rtos_sdk_sh1106/build/bootloader/esp8266/libesp8266.a(crc.o)
 .text.crc16_le
                0x0000000000000000       0x3b /root/esp/github/esp8266_rtos_sdk_sh1106/build/bootloader/esp8266/libesp8266.a(crc.o)
 .text.esp_crc8
                0x0000000000000000       0x21 /root/esp/github/esp8266_rtos_sdk_sh1106/build/bootloader/esp8266/libesp8266.a(crc.o)
 .rodata.crc8_le_table
                0x0000000000000000      0x100 /root/esp/github/esp8266_rtos_sdk_sh1106/build/bootloader/esp8266/libesp8266.a(crc.o)
 .rodata.crc16_le_table
                0x0000000000000000      0x200 /root/esp/github/esp8266_rtos_sdk_sh1106/build/bootloader/esp8266/libesp8266.a(crc.o)
 .xt.lit        0x0000000000000000       0x18 /root/esp/github/esp8266_rtos_sdk_sh1106/build/bootloader/esp8266/libesp8266.a(crc.o)
 .xt.prop       0x0000000000000000       0xfc /root/esp/github/esp8266_rtos_sdk_sh1106/build/bootloader/esp8266/libesp8266.a(crc.o)
 .literal.esp_fast_boot_disable
                0x0000000000000000        0x4 /root/esp/github/esp8266_rtos_sdk_sh1106/build/bootloader/esp8266/libesp8266.a(esp_fast_boot.o)
 .literal.esp_fast_boot_get_info
                0x0000000000000000       0x2c /root/esp/github/esp8266_rtos_sdk_sh1106/build/bootloader/esp8266/libesp8266.a(esp_fast_boot.o)
 .literal.esp_fast_boot_print_info
                0x0000000000000000       0x2c /root/esp/github/esp8266_rtos_sdk_sh1106/build/bootloader/esp8266/libesp8266.a(esp_fast_boot.o)
 .text          0x0000000000000000        0x0 /root/esp/github/esp8266_rtos_sdk_sh1106/build/bootloader/esp8266/libesp8266.a(esp_fast_boot.o)
 .data          0x0000000000000000        0x0 /root/esp/github/esp8266_rtos_sdk_sh1106/build/bootloader/esp8266/libesp8266.a(esp_fast_boot.o)
 .bss           0x0000000000000000        0x0 /root/esp/github/esp8266_rtos_sdk_sh1106/build/bootloader/esp8266/libesp8266.a(esp_fast_boot.o)
 .text.esp_fast_boot_disable
                0x0000000000000000       0x11 /root/esp/github/esp8266_rtos_sdk_sh1106/build/bootloader/esp8266/libesp8266.a(esp_fast_boot.o)
 .rodata.esp_fast_boot_get_info.str1.4
                0x0000000000000000       0x24 /root/esp/github/esp8266_rtos_sdk_sh1106/build/bootloader/esp8266/libesp8266.a(esp_fast_boot.o)
 .text.esp_fast_boot_get_info
                0x0000000000000000       0x86 /root/esp/github/esp8266_rtos_sdk_sh1106/build/bootloader/esp8266/libesp8266.a(esp_fast_boot.o)
 .rodata.esp_fast_boot_print_info.str1.4
                0x0000000000000000       0x59 /root/esp/github/esp8266_rtos_sdk_sh1106/build/bootloader/esp8266/libesp8266.a(esp_fast_boot.o)
 .text.esp_fast_boot_print_info
                0x0000000000000000       0x4d /root/esp/github/esp8266_rtos_sdk_sh1106/build/bootloader/esp8266/libesp8266.a(esp_fast_boot.o)
 .debug_frame   0x0000000000000000       0x68 /root/esp/github/esp8266_rtos_sdk_sh1106/build/bootloader/esp8266/libesp8266.a(esp_fast_boot.o)
 .debug_info    0x0000000000000000      0xbcf /root/esp/github/esp8266_rtos_sdk_sh1106/build/bootloader/esp8266/libesp8266.a(esp_fast_boot.o)
 .debug_abbrev  0x0000000000000000      0x251 /root/esp/github/esp8266_rtos_sdk_sh1106/build/bootloader/esp8266/libesp8266.a(esp_fast_boot.o)
 .debug_loc     0x0000000000000000       0xb0 /root/esp/github/esp8266_rtos_sdk_sh1106/build/bootloader/esp8266/libesp8266.a(esp_fast_boot.o)
 .debug_aranges
                0x0000000000000000       0x30 /root/esp/github/esp8266_rtos_sdk_sh1106/build/bootloader/esp8266/libesp8266.a(esp_fast_boot.o)
 .debug_ranges  0x0000000000000000       0x20 /root/esp/github/esp8266_rtos_sdk_sh1106/build/bootloader/esp8266/libesp8266.a(esp_fast_boot.o)
 .debug_line    0x0000000000000000      0x47c /root/esp/github/esp8266_rtos_sdk_sh1106/build/bootloader/esp8266/libesp8266.a(esp_fast_boot.o)
 .debug_str     0x0000000000000000      0x70b /root/esp/github/esp8266_rtos_sdk_sh1106/build/bootloader/esp8266/libesp8266.a(esp_fast_boot.o)
 .comment       0x0000000000000000       0x32 /root/esp/github/esp8266_rtos_sdk_sh1106/build/bootloader/esp8266/libesp8266.a(esp_fast_boot.o)
 .xt.lit        0x0000000000000000       0x18 /root/esp/github/esp8266_rtos_sdk_sh1106/build/bootloader/esp8266/libesp8266.a(esp_fast_boot.o)
 .xt.prop       0x0000000000000000       0xc0 /root/esp/github/esp8266_rtos_sdk_sh1106/build/bootloader/esp8266/libesp8266.a(esp_fast_boot.o)
 .literal.phy_reg_default
                0x0000000000000000        0x0 /root/esp/ESP8266_RTOS_SDK/components/esp8266/lib/libcore.a(phy.o)
 .text          0x0000000000000000        0x0 /root/esp/ESP8266_RTOS_SDK/components/esp8266/lib/libcore.a(phy.o)
 .data          0x0000000000000000        0x0 /root/esp/ESP8266_RTOS_SDK/components/esp8266/lib/libcore.a(phy.o)
 .bss           0x0000000000000000        0x0 /root/esp/ESP8266_RTOS_SDK/components/esp8266/lib/libcore.a(phy.o)
 .xt.lit        0x0000000000000000        0x8 /root/esp/ESP8266_RTOS_SDK/components/esp8266/lib/libcore.a(phy.o)
 .xt.prop       0x0000000000000000       0x48 /root/esp/ESP8266_RTOS_SDK/components/esp8266/lib/libcore.a(phy.o)
 .literal.uart_buff_switch
                0x0000000000000000        0x0 /root/esp/ESP8266_RTOS_SDK/components/esp8266/lib/libcore.a(uart.o)
 .literal.uart_div_modify
                0x0000000000000000        0x0 /root/esp/ESP8266_RTOS_SDK/components/esp8266/lib/libcore.a(uart.o)
 .literal.Uart_Init
                0x0000000000000000        0x0 /root/esp/ESP8266_RTOS_SDK/components/esp8266/lib/libcore.a(uart.o)
 .text          0x0000000000000000        0x0 /root/esp/ESP8266_RTOS_SDK/components/esp8266/lib/libcore.a(uart.o)
 .data          0x0000000000000000        0x0 /root/esp/ESP8266_RTOS_SDK/components/esp8266/lib/libcore.a(uart.o)
 .bss           0x0000000000000000        0x0 /root/esp/ESP8266_RTOS_SDK/components/esp8266/lib/libcore.a(uart.o)
 .text.uart_buff_switch
                0x0000000000000000        0x2 /root/esp/ESP8266_RTOS_SDK/components/esp8266/lib/libcore.a(uart.o)
 .text.Uart_Init
                0x0000000000000000        0x2 /root/esp/ESP8266_RTOS_SDK/components/esp8266/lib/libcore.a(uart.o)
 .xt.lit        0x0000000000000000        0x8 /root/esp/ESP8266_RTOS_SDK/components/esp8266/lib/libcore.a(uart.o)
 .xt.prop       0x0000000000000000       0x78 /root/esp/ESP8266_RTOS_SDK/components/esp8266/lib/libcore.a(uart.o)

Memory Configuration

Name             Origin             Length             Attributes
dport0_seg       0x000000003ff00000 0x0000000000000010
dram_seg         0x000000003ffe8000 0x0000000000017c00
iram_seg         0x0000000040100000 0x0000000000008000
*default*        0x0000000000000000 0xffffffffffffffff

Linker script and memory map

START GROUP
LOAD /root/esp/github/esp8266_rtos_sdk_sh1106/build/bootloader/main/libmain.a
LOAD /root/esp/ESP8266_RTOS_SDK/components/esp8266/lib/libcore.a
LOAD /root/esp/github/esp8266_rtos_sdk_sh1106/build/bootloader/bootloader_support/libbootloader_support.a
LOAD /root/esp/github/esp8266_rtos_sdk_sh1106/build/bootloader/spi_flash/libspi_flash.a
LOAD /root/esp/github/esp8266_rtos_sdk_sh1106/build/bootloader/log/liblog.a
LOAD /root/esp/github/esp8266_rtos_sdk_sh1106/build/bootloader/esp8266/libesp8266.a
LOAD /root/esp/ESP8266_RTOS_SDK/components/esp8266/lib/libgcc.a
LOAD /root/esp/xtensa-lx106-elf/bin/../lib/gcc/xtensa-lx106-elf/8.4.0/../../../../xtensa-lx106-elf/lib/libstdc++.a
LOAD /root/esp/xtensa-lx106-elf/bin/../lib/gcc/xtensa-lx106-elf/8.4.0/libgcov.a
END GROUP

.text           0x0000000040100000     0x1bf5
                0x0000000040100000                _stext = .
                0x0000000040100000                _text_start = ABSOLUTE (.)
                0x0000000040100000                . = ALIGN (0x10)
 *(.entry.text)
 *(.init.literal)
 *(.init)
 *(.literal .text .literal.* .text.* .stub .gnu.warning .gnu.linkonce.literal.* .gnu.linkonce.t.*.literal .gnu.linkonce.t.*)
 .literal.selected_boot_partition
                0x0000000040100000        0x0 /root/esp/github/esp8266_rtos_sdk_sh1106/build/bootloader/main/libmain.a(bootloader_start.o)
                                          0x4 (size before relaxing)
 .literal.select_image
                0x0000000040100000        0xc /root/esp/github/esp8266_rtos_sdk_sh1106/build/bootloader/main/libmain.a(bootloader_start.o)
                                         0x1c (size before relaxing)
 .literal.call_start_cpu
                0x000000004010000c        0x0 /root/esp/github/esp8266_rtos_sdk_sh1106/build/bootloader/main/libmain.a(bootloader_start.o)
                                          0xc (size before relaxing)
 .literal.print_flash_info
                0x000000004010000c       0x48 /root/esp/github/esp8266_rtos_sdk_sh1106/build/bootloader/bootloader_support/libbootloader_support.a(bootloader_init.o)
                                         0x54 (size before relaxing)
 .literal.uart_console_configure
                0x0000000040100054        0x8 /root/esp/github/esp8266_rtos_sdk_sh1106/build/bootloader/bootloader_support/libbootloader_support.a(bootloader_init.o)
                                          0xc (size before relaxing)
 .literal.update_flash_config
                0x000000004010005c        0x4 /root/esp/github/esp8266_rtos_sdk_sh1106/build/bootloader/bootloader_support/libbootloader_support.a(bootloader_init.o)
                                          0x8 (size before relaxing)
 .literal.bootloader_main
                0x0000000040100060       0x10 /root/esp/github/esp8266_rtos_sdk_sh1106/build/bootloader/bootloader_support/libbootloader_support.a(bootloader_init.o)
                                         0x34 (size before relaxing)
 .literal.bootloader_init
                0x0000000040100070        0x8 /root/esp/github/esp8266_rtos_sdk_sh1106/build/bootloader/bootloader_support/libbootloader_support.a(bootloader_init.o)
                                         0x10 (size before relaxing)
 .literal.bootloader_utility_start_image
                0x0000000040100078        0x0 /root/esp/github/esp8266_rtos_sdk_sh1106/build/bootloader/bootloader_support/libbootloader_support.a(bootloader_utility.o)
                                          0x4 (size before relaxing)
 .literal.log_invalid_app_partition
                0x0000000040100078       0x14 /root/esp/github/esp8266_rtos_sdk_sh1106/build/bootloader/bootloader_support/libbootloader_support.a(bootloader_utility.o)
                                         0x20 (size before relaxing)
 .literal.try_load_partition
                0x000000004010008c        0x4 /root/esp/github/esp8266_rtos_sdk_sh1106/build/bootloader/bootloader_support/libbootloader_support.a(bootloader_utility.o)
                                         0x10 (size before relaxing)
 .literal.bootloader_utility_load_partition_table
                0x0000000040100090       0x4c /root/esp/github/esp8266_rtos_sdk_sh1106/build/bootloader/bootloader_support/libbootloader_support.a(bootloader_utility.o)
                                         0x74 (size before relaxing)
 .literal.bootloader_utility_get_selected_boot_partition
                0x00000000401000dc       0x1c /root/esp/github/esp8266_rtos_sdk_sh1106/build/bootloader/bootloader_support/libbootloader_support.a(bootloader_utility.o)
                                         0x5c (size before relaxing)
 .literal.bootloader_utility_load_boot_image
                0x00000000401000f8        0xc /root/esp/github/esp8266_rtos_sdk_sh1106/build/bootloader/bootloader_support/libbootloader_support.a(bootloader_utility.o)
                                         0x40 (size before relaxing)
 .literal.bootloader_utility_load_image
                0x0000000040100104        0x0 /root/esp/github/esp8266_rtos_sdk_sh1106/build/bootloader/bootloader_support/libbootloader_support.a(bootloader_utility.o)
                                          0x4 (size before relaxing)
 .literal.bootloader_common_ota_select_crc
                0x0000000040100104        0x0 /root/esp/github/esp8266_rtos_sdk_sh1106/build/bootloader/bootloader_support/libbootloader_support.a(bootloader_common.o)
                                          0x4 (size before relaxing)
 .literal.bootloader_common_ota_select_valid
                0x0000000040100104        0x0 /root/esp/github/esp8266_rtos_sdk_sh1106/build/bootloader/bootloader_support/libbootloader_support.a(bootloader_common.o)
                                          0x4 (size before relaxing)
 .literal.esp_partition_table_basic_verify
                0x0000000040100104       0x1c /root/esp/github/esp8266_rtos_sdk_sh1106/build/bootloader/bootloader_support/libbootloader_support.a(flash_partitions.o)
                                         0x2c (size before relaxing)
 .literal.should_map
                0x0000000040100120        0x8 /root/esp/github/esp8266_rtos_sdk_sh1106/build/bootloader/bootloader_support/libbootloader_support.a(esp_image_format.o)
 .literal.should_load
                0x0000000040100128        0x0 /root/esp/github/esp8266_rtos_sdk_sh1106/build/bootloader/bootloader_support/libbootloader_support.a(esp_image_format.o)
                                          0x4 (size before relaxing)
 .literal.verify_image_header
                0x0000000040100128       0x14 /root/esp/github/esp8266_rtos_sdk_sh1106/build/bootloader/bootloader_support/libbootloader_support.a(esp_image_format.o)
                                         0x20 (size before relaxing)
 .literal.process_segment_data
                0x000000004010013c        0x8 /root/esp/github/esp8266_rtos_sdk_sh1106/build/bootloader/bootloader_support/libbootloader_support.a(esp_image_format.o)
                                         0x14 (size before relaxing)
 .literal.verify_checksum
                0x0000000040100144        0x8 /root/esp/github/esp8266_rtos_sdk_sh1106/build/bootloader/bootloader_support/libbootloader_support.a(esp_image_format.o)
                                         0x1c (size before relaxing)
 .literal.process_segment
                0x000000004010014c       0x18 /root/esp/github/esp8266_rtos_sdk_sh1106/build/bootloader/bootloader_support/libbootloader_support.a(esp_image_format.o)
                                         0x40 (size before relaxing)
 .literal.esp_image_load
                0x0000000040100164       0x14 /root/esp/github/esp8266_rtos_sdk_sh1106/build/bootloader/bootloader_support/libbootloader_support.a(esp_image_format.o)
                                         0x44 (size before relaxing)
 .literal.bootloader_flash_read_no_decrypt
                0x0000000040100178        0x4 /root/esp/github/esp8266_rtos_sdk_sh1106/build/bootloader/bootloader_support/libbootloader_support.a(bootloader_flash.o)
 .literal.bootloader_mmap
                0x000000004010017c       0x30 /root/esp/github/esp8266_rtos_sdk_sh1106/build/bootloader/bootloader_support/libbootloader_support.a(bootloader_flash.o)
                                         0x3c (size before relaxing)
 .literal.bootloader_munmap
                0x00000000401001ac        0x0 /root/esp/github/esp8266_rtos_sdk_sh1106/build/bootloader/bootloader_support/libbootloader_support.a(bootloader_flash.o)
                                          0x8 (size before relaxing)
 .literal.bootloader_flash_read
                0x00000000401001ac        0xc /root/esp/github/esp8266_rtos_sdk_sh1106/build/bootloader/bootloader_support/libbootloader_support.a(bootloader_flash.o)
                                         0x20 (size before relaxing)
 .literal.spi_user_cmd
                0x00000000401001b8        0x4 /root/esp/github/esp8266_rtos_sdk_sh1106/build/bootloader/spi_flash/libspi_flash.a(spi_flash.o)
                                          0xc (size before relaxing)
 .literal.special_flash_read_status
                0x00000000401001bc        0x0 /root/esp/github/esp8266_rtos_sdk_sh1106/build/bootloader/spi_flash/libspi_flash.a(spi_flash.o)
                                          0x4 (size before relaxing)
 .literal.flash_gd25q32c_read_status
                0x00000000401001bc        0x0 /root/esp/github/esp8266_rtos_sdk_sh1106/build/bootloader/spi_flash/libspi_flash.a(spi_flash.o)
                                          0x4 (size before relaxing)
 .literal.special_flash_write_status
                0x00000000401001bc        0x0 /root/esp/github/esp8266_rtos_sdk_sh1106/build/bootloader/spi_flash/libspi_flash.a(spi_flash.o)
                                          0x8 (size before relaxing)
 .literal.spi_flash_enable_qio_bit6
                0x00000000401001bc        0x0 /root/esp/github/esp8266_rtos_sdk_sh1106/build/bootloader/spi_flash/libspi_flash.a(spi_flash.o)
                                          0x4 (size before relaxing)
 .literal.flash_gd25q32c_write_status
                0x00000000401001bc        0x0 /root/esp/github/esp8266_rtos_sdk_sh1106/build/bootloader/spi_flash/libspi_flash.a(spi_flash.o)
                                          0x4 (size before relaxing)
 .literal.flash_gd25q32c_enable_QIO_mode
                0x00000000401001bc        0x0 /root/esp/github/esp8266_rtos_sdk_sh1106/build/bootloader/spi_flash/libspi_flash.a(spi_flash.o)
                                          0xc (size before relaxing)
 .literal.en25q16x_read_sfdp
                0x00000000401001bc        0x4 /root/esp/github/esp8266_rtos_sdk_sh1106/build/bootloader/spi_flash/libspi_flash.a(spi_flash.o)
                                          0x8 (size before relaxing)
 .literal.spi_flash_get_id
                0x00000000401001c0        0x0 /root/esp/github/esp8266_rtos_sdk_sh1106/build/bootloader/spi_flash/libspi_flash.a(spi_flash.o)
                                          0xc (size before relaxing)
 .literal.spi_flash_read_status
                0x00000000401001c0        0x0 /root/esp/github/esp8266_rtos_sdk_sh1106/build/bootloader/spi_flash/libspi_flash.a(spi_flash.o)
                                          0xc (size before relaxing)
 .literal.spi_flash_issi_enable_QIO_mode
                0x00000000401001c0        0x0 /root/esp/github/esp8266_rtos_sdk_sh1106/build/bootloader/spi_flash/libspi_flash.a(spi_flash.o)
                                          0xc (size before relaxing)
 .literal.special_flash_set_mode
                0x00000000401001c0        0x0 /root/esp/github/esp8266_rtos_sdk_sh1106/build/bootloader/spi_flash/libspi_flash.a(spi_flash.o)
                                          0x8 (size before relaxing)
 .literal.en25q16x_write_volatile_status
                0x00000000401001c0        0x0 /root/esp/github/esp8266_rtos_sdk_sh1106/build/bootloader/spi_flash/libspi_flash.a(spi_flash.o)
                                         0x14 (size before relaxing)
 .literal.user_spi_flash_dio_to_qio_pre_init
                0x00000000401001c0        0xc /root/esp/github/esp8266_rtos_sdk_sh1106/build/bootloader/spi_flash/libspi_flash.a(spi_flash.o)
                                         0x30 (size before relaxing)
 .literal.esp_spi_flash_init
                0x00000000401001cc       0x20 /root/esp/github/esp8266_rtos_sdk_sh1106/build/bootloader/spi_flash/libspi_flash.a(spi_flash.o)
                                         0x28 (size before relaxing)
 .literal.Cache_Read_Disable_2
                0x00000000401001ec        0xc /root/esp/github/esp8266_rtos_sdk_sh1106/build/bootloader/spi_flash/libspi_flash.a(spi_flash_raw.o)
                                         0x10 (size before relaxing)
 .literal.Cache_Read_Enable_2
                0x00000000401001f8        0x4 /root/esp/github/esp8266_rtos_sdk_sh1106/build/bootloader/spi_flash/libspi_flash.a(spi_flash_raw.o)
                                          0xc (size before relaxing)
 .literal.spi_flash_get_id_raw
                0x00000000401001fc       0x10 /root/esp/github/esp8266_rtos_sdk_sh1106/build/bootloader/spi_flash/libspi_flash.a(spi_flash_raw.o)
                                         0x1c (size before relaxing)
 .literal.spi_flash_read_status_raw
                0x000000004010020c        0x4 /root/esp/github/esp8266_rtos_sdk_sh1106/build/bootloader/spi_flash/libspi_flash.a(spi_flash_raw.o)
                                          0xc (size before relaxing)
 .literal.spi_flash_enable_qmode_raw
                0x0000000040100210        0x4 /root/esp/github/esp8266_rtos_sdk_sh1106/build/bootloader/spi_flash/libspi_flash.a(spi_flash_raw.o)
                                         0x10 (size before relaxing)
 .literal.spi_user_cmd_raw
                0x0000000040100214       0x64 /root/esp/github/esp8266_rtos_sdk_sh1106/build/bootloader/spi_flash/libspi_flash.a(spi_flash_raw.o)
                                         0x8c (size before relaxing)
 .literal.spi_flash_switch_to_qio_raw
                0x0000000040100278        0x8 /root/esp/github/esp8266_rtos_sdk_sh1106/build/bootloader/spi_flash/libspi_flash.a(spi_flash_raw.o)
                                          0xc (size before relaxing)
 .literal.uart_putc
                0x0000000040100280        0x4 /root/esp/github/esp8266_rtos_sdk_sh1106/build/bootloader/esp8266/libesp8266.a(ets_printf.o)
                                          0x8 (size before relaxing)
 .literal.ets_putc
                0x0000000040100284        0x0 /root/esp/github/esp8266_rtos_sdk_sh1106/build/bootloader/esp8266/libesp8266.a(ets_printf.o)
                                          0x8 (size before relaxing)
 .literal.ets_vprintf
                0x0000000040100284        0x8 /root/esp/github/esp8266_rtos_sdk_sh1106/build/bootloader/esp8266/libesp8266.a(ets_printf.o)
 .literal.crc32_le
                0x000000004010028c        0x4 /root/esp/github/esp8266_rtos_sdk_sh1106/build/bootloader/esp8266/libesp8266.a(crc.o)
 .iram1.0.literal
                0x0000000040100290        0x8 /root/esp/github/esp8266_rtos_sdk_sh1106/build/bootloader/log/liblog.a(log.o)
 .iram1.1.literal
                0x0000000040100298       0x18 /root/esp/github/esp8266_rtos_sdk_sh1106/build/bootloader/log/liblog.a(log.o)
                                         0x30 (size before relaxing)
 .iram1.0.literal
                0x00000000401002b0        0x0 /root/esp/github/esp8266_rtos_sdk_sh1106/build/bootloader/esp8266/libesp8266.a(ets_printf.o)
                                          0x8 (size before relaxing)
 .text.selected_boot_partition
                0x00000000401002b0        0xf /root/esp/github/esp8266_rtos_sdk_sh1106/build/bootloader/main/libmain.a(bootloader_start.o)
                                         0x13 (size before relaxing)
 *fill*         0x00000000401002bf        0x1 
 .text.select_image
                0x00000000401002c0       0x68 /root/esp/github/esp8266_rtos_sdk_sh1106/build/bootloader/main/libmain.a(bootloader_start.o)
                                         0x70 (size before relaxing)
 .text.call_start_cpu
                0x0000000040100328       0x26 /root/esp/github/esp8266_rtos_sdk_sh1106/build/bootloader/main/libmain.a(bootloader_start.o)
                                         0x2e (size before relaxing)
                0x0000000040100328                call_start_cpu
 *fill*         0x000000004010034e        0x2 
 .text.print_flash_info
                0x0000000040100350       0xc7 /root/esp/github/esp8266_rtos_sdk_sh1106/build/bootloader/bootloader_support/libbootloader_support.a(bootloader_init.o)
                                         0xcb (size before relaxing)
 *fill*         0x0000000040100417        0x1 
 .text.uart_console_configure
                0x0000000040100418       0x23 /root/esp/github/esp8266_rtos_sdk_sh1106/build/bootloader/bootloader_support/libbootloader_support.a(bootloader_init.o)
 *fill*         0x000000004010043b        0x1 
 .text.update_flash_config
                0x000000004010043c       0x21 /root/esp/github/esp8266_rtos_sdk_sh1106/build/bootloader/bootloader_support/libbootloader_support.a(bootloader_init.o)
 *fill*         0x000000004010045d        0x3 
 .text.bootloader_main
                0x0000000040100460       0x69 /root/esp/github/esp8266_rtos_sdk_sh1106/build/bootloader/bootloader_support/libbootloader_support.a(bootloader_init.o)
                                         0x7d (size before relaxing)
 *fill*         0x00000000401004c9        0x3 
 .text.bootloader_init
                0x00000000401004cc       0x25 /root/esp/github/esp8266_rtos_sdk_sh1106/build/bootloader/bootloader_support/libbootloader_support.a(bootloader_init.o)
                                         0x29 (size before relaxing)
                0x00000000401004cc                bootloader_init
 *fill*         0x00000000401004f1        0x3 
 .text.bootloader_utility_start_image
                0x00000000401004f4       0x20 /root/esp/github/esp8266_rtos_sdk_sh1106/build/bootloader/bootloader_support/libbootloader_support.a(bootloader_utility.o)
                                         0x24 (size before relaxing)
 .text.log_invalid_app_partition
                0x0000000040100514       0x4b /root/esp/github/esp8266_rtos_sdk_sh1106/build/bootloader/bootloader_support/libbootloader_support.a(bootloader_utility.o)
                                         0x53 (size before relaxing)
 *fill*         0x000000004010055f        0x1 
 .text.try_load_partition
                0x0000000040100560       0x3d /root/esp/github/esp8266_rtos_sdk_sh1106/build/bootloader/bootloader_support/libbootloader_support.a(bootloader_utility.o)
                                         0x41 (size before relaxing)
 *fill*         0x000000004010059d        0x3 
 .text.bootloader_utility_load_partition_table
                0x00000000401005a0      0x170 /root/esp/github/esp8266_rtos_sdk_sh1106/build/bootloader/bootloader_support/libbootloader_support.a(bootloader_utility.o)
                                        0x184 (size before relaxing)
                0x00000000401005a0                bootloader_utility_load_partition_table
 .text.bootloader_utility_get_selected_boot_partition
                0x0000000040100710      0x13c /root/esp/github/esp8266_rtos_sdk_sh1106/build/bootloader/bootloader_support/libbootloader_support.a(bootloader_utility.o)
                                        0x14c (size before relaxing)
                0x0000000040100710                bootloader_utility_get_selected_boot_partition
 .text.bootloader_utility_load_boot_image
                0x000000004010084c       0xd6 /root/esp/github/esp8266_rtos_sdk_sh1106/build/bootloader/bootloader_support/libbootloader_support.a(bootloader_utility.o)
                                         0xfa (size before relaxing)
                0x000000004010084c                bootloader_utility_load_boot_image
 *fill*         0x0000000040100922        0x2 
 .text.bootloader_utility_load_image
                0x0000000040100924       0x19 /root/esp/github/esp8266_rtos_sdk_sh1106/build/bootloader/bootloader_support/libbootloader_support.a(bootloader_utility.o)
                0x0000000040100924                bootloader_utility_load_image
 *fill*         0x000000004010093d        0x3 
 .text.bootloader_common_ota_select_crc
                0x0000000040100940       0x18 /root/esp/github/esp8266_rtos_sdk_sh1106/build/bootloader/bootloader_support/libbootloader_support.a(bootloader_common.o)
                0x0000000040100940                bootloader_common_ota_select_crc
 .text.bootloader_common_ota_select_valid
                0x0000000040100958       0x2c /root/esp/github/esp8266_rtos_sdk_sh1106/build/bootloader/bootloader_support/libbootloader_support.a(bootloader_common.o)
                0x0000000040100958                bootloader_common_ota_select_valid
 .text.esp_partition_table_basic_verify
                0x0000000040100984       0xd7 /root/esp/github/esp8266_rtos_sdk_sh1106/build/bootloader/bootloader_support/libbootloader_support.a(flash_partitions.o)
                0x0000000040100984                esp_partition_table_basic_verify
 *fill*         0x0000000040100a5b        0x1 
 .text.should_map
                0x0000000040100a5c       0x15 /root/esp/github/esp8266_rtos_sdk_sh1106/build/bootloader/bootloader_support/libbootloader_support.a(esp_image_format.o)
 *fill*         0x0000000040100a71        0x3 
 .text.should_load
                0x0000000040100a74       0x19 /root/esp/github/esp8266_rtos_sdk_sh1106/build/bootloader/bootloader_support/libbootloader_support.a(esp_image_format.o)
                                         0x1d (size before relaxing)
 *fill*         0x0000000040100a8d        0x3 
 .text.verify_image_header
                0x0000000040100a90       0x7d /root/esp/github/esp8266_rtos_sdk_sh1106/build/bootloader/bootloader_support/libbootloader_support.a(esp_image_format.o)
                                         0x85 (size before relaxing)
 *fill*         0x0000000040100b0d        0x3 
 .text.process_segment_data
                0x0000000040100b10       0x89 /root/esp/github/esp8266_rtos_sdk_sh1106/build/bootloader/bootloader_support/libbootloader_support.a(esp_image_format.o)
                                         0x91 (size before relaxing)
 *fill*         0x0000000040100b99        0x3 
 .text.verify_checksum
                0x0000000040100b9c       0x9c /root/esp/github/esp8266_rtos_sdk_sh1106/build/bootloader/bootloader_support/libbootloader_support.a(esp_image_format.o)
                                         0xa0 (size before relaxing)
 .text.process_segment
                0x0000000040100c38      0x10b /root/esp/github/esp8266_rtos_sdk_sh1106/build/bootloader/bootloader_support/libbootloader_support.a(esp_image_format.o)
                                        0x117 (size before relaxing)
 *fill*         0x0000000040100d43        0x1 
 .text.esp_image_load
                0x0000000040100d44      0x18d /root/esp/github/esp8266_rtos_sdk_sh1106/build/bootloader/bootloader_support/libbootloader_support.a(esp_image_format.o)
                                        0x1a5 (size before relaxing)
                0x0000000040100d44                esp_image_load
 *fill*         0x0000000040100ed1        0x3 
 .text.bootloader_flash_read_no_decrypt
                0x0000000040100ed4       0x15 /root/esp/github/esp8266_rtos_sdk_sh1106/build/bootloader/bootloader_support/libbootloader_support.a(bootloader_flash.o)
 *fill*         0x0000000040100ee9        0x3 
 .text.bootloader_mmap
                0x0000000040100eec       0xa6 /root/esp/github/esp8266_rtos_sdk_sh1106/build/bootloader/bootloader_support/libbootloader_support.a(bootloader_flash.o)
                                         0xaa (size before relaxing)
                0x0000000040100eec                bootloader_mmap
 *fill*         0x0000000040100f92        0x2 
 .text.bootloader_munmap
                0x0000000040100f94       0x23 /root/esp/github/esp8266_rtos_sdk_sh1106/build/bootloader/bootloader_support/libbootloader_support.a(bootloader_flash.o)
                0x0000000040100f94                bootloader_munmap
 *fill*         0x0000000040100fb7        0x1 
 .text.bootloader_flash_read
                0x0000000040100fb8       0x60 /root/esp/github/esp8266_rtos_sdk_sh1106/build/bootloader/bootloader_support/libbootloader_support.a(bootloader_flash.o)
                                         0x63 (size before relaxing)
                0x0000000040100fb8                bootloader_flash_read
 *fill*         0x0000000040101018        0x0 
 .text.spi_user_cmd
                0x0000000040101018       0x4d /root/esp/github/esp8266_rtos_sdk_sh1106/build/bootloader/spi_flash/libspi_flash.a(spi_flash.o)
                0x0000000040101018                spi_user_cmd
 *fill*         0x0000000040101065        0x3 
 .text.special_flash_read_status
                0x0000000040101068       0x39 /root/esp/github/esp8266_rtos_sdk_sh1106/build/bootloader/spi_flash/libspi_flash.a(spi_flash.o)
                                         0x3d (size before relaxing)
                0x0000000040101068                special_flash_read_status
 *fill*         0x00000000401010a1        0x3 
 .text.flash_gd25q32c_read_status
                0x00000000401010a4       0x33 /root/esp/github/esp8266_rtos_sdk_sh1106/build/bootloader/spi_flash/libspi_flash.a(spi_flash.o)
 *fill*         0x00000000401010d7        0x1 
 .text.special_flash_write_status
                0x00000000401010d8       0x5c /root/esp/github/esp8266_rtos_sdk_sh1106/build/bootloader/spi_flash/libspi_flash.a(spi_flash.o)
                                         0x60 (size before relaxing)
                0x00000000401010d8                special_flash_write_status
 .text.spi_flash_enable_qio_bit6
                0x0000000040101134       0x17 /root/esp/github/esp8266_rtos_sdk_sh1106/build/bootloader/spi_flash/libspi_flash.a(spi_flash.o)
                                         0x1b (size before relaxing)
 *fill*         0x000000004010114b        0x1 
 .text.flash_gd25q32c_write_status
                0x000000004010114c       0x30 /root/esp/github/esp8266_rtos_sdk_sh1106/build/bootloader/spi_flash/libspi_flash.a(spi_flash.o)
 .text.flash_gd25q32c_enable_QIO_mode
                0x000000004010117c       0x3e /root/esp/github/esp8266_rtos_sdk_sh1106/build/bootloader/spi_flash/libspi_flash.a(spi_flash.o)
                                         0x46 (size before relaxing)
 *fill*         0x00000000401011ba        0x2 
 .text.en25q16x_read_sfdp
                0x00000000401011bc       0x43 /root/esp/github/esp8266_rtos_sdk_sh1106/build/bootloader/spi_flash/libspi_flash.a(spi_flash.o)
                0x00000000401011bc                en25q16x_read_sfdp
 *fill*         0x00000000401011ff        0x1 
 .text.spi_flash_get_id
                0x0000000040101200       0x26 /root/esp/github/esp8266_rtos_sdk_sh1106/build/bootloader/spi_flash/libspi_flash.a(spi_flash.o)
                0x0000000040101200                spi_flash_get_id
 *fill*         0x0000000040101226        0x2 
 .text.spi_flash_read_status
                0x0000000040101228       0x28 /root/esp/github/esp8266_rtos_sdk_sh1106/build/bootloader/spi_flash/libspi_flash.a(spi_flash.o)
                0x0000000040101228                spi_flash_read_status
 .text.spi_flash_issi_enable_QIO_mode
                0x0000000040101250       0x43 /root/esp/github/esp8266_rtos_sdk_sh1106/build/bootloader/spi_flash/libspi_flash.a(spi_flash.o)
                                         0x4b (size before relaxing)
 *fill*         0x0000000040101293        0x1 
 .text.special_flash_set_mode
                0x0000000040101294       0x41 /root/esp/github/esp8266_rtos_sdk_sh1106/build/bootloader/spi_flash/libspi_flash.a(spi_flash.o)
                                         0x45 (size before relaxing)
                0x0000000040101294                special_flash_set_mode
 *fill*         0x00000000401012d5        0x3 
 .text.en25q16x_write_volatile_status
                0x00000000401012d8       0x4f /root/esp/github/esp8266_rtos_sdk_sh1106/build/bootloader/spi_flash/libspi_flash.a(spi_flash.o)
                                         0x5b (size before relaxing)
                0x00000000401012d8                en25q16x_write_volatile_status
 *fill*         0x0000000040101327        0x1 
 .text.user_spi_flash_dio_to_qio_pre_init
                0x0000000040101328       0x95 /root/esp/github/esp8266_rtos_sdk_sh1106/build/bootloader/spi_flash/libspi_flash.a(spi_flash.o)
                                         0xa1 (size before relaxing)
                0x0000000040101328                user_spi_flash_dio_to_qio_pre_init
 *fill*         0x00000000401013bd        0x3 
 .text.esp_spi_flash_init
                0x00000000401013c0       0xb9 /root/esp/github/esp8266_rtos_sdk_sh1106/build/bootloader/spi_flash/libspi_flash.a(spi_flash.o)
                                         0xc1 (size before relaxing)
                0x00000000401013c0                esp_spi_flash_init
 *fill*         0x0000000040101479        0x3 
 .text.Cache_Read_Disable_2
                0x000000004010147c       0x34 /root/esp/github/esp8266_rtos_sdk_sh1106/build/bootloader/spi_flash/libspi_flash.a(spi_flash_raw.o)
                0x000000004010147c                Cache_Read_Disable_2
 .text.Cache_Read_Enable_2
                0x00000000401014b0       0x28 /root/esp/github/esp8266_rtos_sdk_sh1106/build/bootloader/spi_flash/libspi_flash.a(spi_flash_raw.o)
                0x00000000401014b0                Cache_Read_Enable_New
                0x00000000401014b0                Cache_Read_Enable_2
 .text.spi_flash_get_id_raw
                0x00000000401014d8       0x57 /root/esp/github/esp8266_rtos_sdk_sh1106/build/bootloader/spi_flash/libspi_flash.a(spi_flash_raw.o)
                0x00000000401014d8                spi_flash_get_id_raw
 *fill*         0x000000004010152f        0x1 
 .text.spi_flash_read_status_raw
                0x0000000040101530       0x2f /root/esp/github/esp8266_rtos_sdk_sh1106/build/bootloader/spi_flash/libspi_flash.a(spi_flash_raw.o)
                                         0x33 (size before relaxing)
                0x0000000040101530                spi_flash_read_status_raw
 *fill*         0x000000004010155f        0x1 
 .text.spi_flash_enable_qmode_raw
                0x0000000040101560       0x33 /root/esp/github/esp8266_rtos_sdk_sh1106/build/bootloader/spi_flash/libspi_flash.a(spi_flash_raw.o)
                                         0x37 (size before relaxing)
                0x0000000040101560                spi_flash_enable_qmode_raw
 *fill*         0x0000000040101593        0x1 
 .text.spi_user_cmd_raw
                0x0000000040101594      0x3df /root/esp/github/esp8266_rtos_sdk_sh1106/build/bootloader/spi_flash/libspi_flash.a(spi_flash_raw.o)
                0x0000000040101594                spi_user_cmd_raw
 *fill*         0x0000000040101973        0x1 
 .text.spi_flash_switch_to_qio_raw
                0x0000000040101974       0x25 /root/esp/github/esp8266_rtos_sdk_sh1106/build/bootloader/spi_flash/libspi_flash.a(spi_flash_raw.o)
                0x0000000040101974                spi_flash_switch_to_qio_raw
 *fill*         0x0000000040101999        0x3 
 .text.uart_putc
                0x000000004010199c       0x1b /root/esp/github/esp8266_rtos_sdk_sh1106/build/bootloader/esp8266/libesp8266.a(ets_printf.o)
 *fill*         0x00000000401019b7        0x1 
 .text.ets_putc
                0x00000000401019b8       0x27 /root/esp/github/esp8266_rtos_sdk_sh1106/build/bootloader/esp8266/libesp8266.a(ets_printf.o)
                0x00000000401019b8                ets_putc
 *fill*         0x00000000401019df        0x1 
 .text.ets_vprintf
                0x00000000401019e0       0x1f /root/esp/github/esp8266_rtos_sdk_sh1106/build/bootloader/esp8266/libesp8266.a(ets_printf.o)
                0x00000000401019e0                ets_vprintf
 *fill*         0x00000000401019ff        0x1 
 .text.crc32_le
                0x0000000040101a00       0x31 /root/esp/github/esp8266_rtos_sdk_sh1106/build/bootloader/esp8266/libesp8266.a(crc.o)
                0x0000000040101a00                crc32_le
 *fill*         0x0000000040101a31        0x3 
 .text.phy_reg_default
                0x0000000040101a34       0x36 /root/esp/ESP8266_RTOS_SDK/components/esp8266/lib/libcore.a(phy.o)
                0x0000000040101a44                phy_reg_default
 *fill*         0x0000000040101a6a        0x2 
 .text.uart_div_modify
                0x0000000040101a6c       0x50 /root/esp/ESP8266_RTOS_SDK/components/esp8266/lib/libcore.a(uart.o)
                0x0000000040101a7c                uart_div_modify
 *fill*         0x0000000040101abc        0x0 
 *fill*         0x0000000040101abc        0x0 
 *fill*         0x0000000040101abc        0x0 
 *fill*         0x0000000040101abc        0x0 
 *fill*         0x0000000040101abc        0x0 
 *fill*         0x0000000040101abc        0x0 
 *fill*         0x0000000040101abc        0x0 
 .text.index_to_partition
                0x0000000040101abc       0x4d /root/esp/github/esp8266_rtos_sdk_sh1106/build/bootloader/bootloader_support/libbootloader_support.a(bootloader_utility.o)
 *fill*         0x0000000040101b09        0x0 
 *fill*         0x0000000040101b09        0x0 
 *fill*         0x0000000040101b09        0x0 
 *fill*         0x0000000040101b09        0x0 
 *fill*         0x0000000040101b09        0x0 
 *fill*         0x0000000040101b09        0x3 
 .text.verify_segment_header
                0x0000000040101b0c        0x4 /root/esp/github/esp8266_rtos_sdk_sh1106/build/bootloader/bootloader_support/libbootloader_support.a(esp_image_format.o)
 *fill*         0x0000000040101b10        0x0 
 *fill*         0x0000000040101b10        0x0 
 *fill*         0x0000000040101b10        0x0 
 *fill*         0x0000000040101b10        0x0 
 *fill*         0x0000000040101b10        0x0 
 *fill*         0x0000000040101b10        0x0 
 *fill*         0x0000000040101b10        0x0 
 *fill*         0x0000000040101b10        0x0 
 *fill*         0x0000000040101b10        0x0 
 *fill*         0x0000000040101b10        0x0 
 *fill*         0x0000000040101b10        0x0 
 *fill*         0x0000000040101b10        0x0 
 *fill*         0x0000000040101b10        0x0 
 *fill*         0x0000000040101b10        0x0 
 *fill*         0x0000000040101b10        0x0 
 *fill*         0x0000000040101b10        0x0 
 *fill*         0x0000000040101b10        0x0 
 *fill*         0x0000000040101b10        0x0 
 *fill*         0x0000000040101b10        0x0 
 *fill*         0x0000000040101b10        0x0 
 *fill*         0x0000000040101b10        0x0 
 *fill*         0x0000000040101b10        0x0 
 *fill*         0x0000000040101b10        0x0 
 *fill*         0x0000000040101b10        0x0 
 *fill*         0x0000000040101b10        0x0 
 *fill*         0x0000000040101b10        0x0 
 *fill*         0x0000000040101b10        0x0 
 *fill*         0x0000000040101b10        0x0 
 *fill*         0x0000000040101b10        0x0 
 *fill*         0x0000000040101b10        0x0 
 *fill*         0x0000000040101b10        0x0 
 *fill*         0x0000000040101b10        0x0 
 *(.iram1 .iram1.*)
 .iram1.0       0x0000000040101b10       0x18 /root/esp/github/esp8266_rtos_sdk_sh1106/build/bootloader/log/liblog.a(log.o)
                0x0000000040101b10                esp_log_early_timestamp
 .iram1.1       0x0000000040101b28       0x96 /root/esp/github/esp8266_rtos_sdk_sh1106/build/bootloader/log/liblog.a(log.o)
                                         0xa1 (size before relaxing)
                0x0000000040101b28                esp_early_log_write
 *fill*         0x0000000040101bbe        0x2 
 .iram1.0       0x0000000040101bc0       0x35 /root/esp/github/esp8266_rtos_sdk_sh1106/build/bootloader/esp8266/libesp8266.a(ets_printf.o)
                                         0x39 (size before relaxing)
                0x0000000040101bc0                ets_printf
 *fill*         0x0000000040101bf5        0x0 
 *(.fini.literal)
 *(.fini)
 *(.gnu.version)
                0x0000000040101bf5                _text_end = ABSOLUTE (.)
                0x0000000040101bf5                _etext = .

.bss            0x000000003ffe8000      0x408
                0x000000003ffe8000                . = ALIGN (0x8)
                0x000000003ffe8000                _bss_start = ABSOLUTE (.)
 *(.dynsbss)
 *(.sbss)
 *(.sbss.*)
 *(.gnu.linkonce.sb.*)
 *(.scommon)
 *(.sbss2)
 *(.sbss2.*)
 *(.gnu.linkonce.sb2.*)
 *(.dynbss)
 *(.bss)
 *(.bss.*)
 .bss.pbuf$3623
                0x000000003ffe8000      0x400 /root/esp/github/esp8266_rtos_sdk_sh1106/build/bootloader/bootloader_support/libbootloader_support.a(esp_image_format.o)
 .bss.mapped    0x000000003ffe8400        0x1 /root/esp/github/esp8266_rtos_sdk_sh1106/build/bootloader/bootloader_support/libbootloader_support.a(bootloader_flash.o)
 .bss.FlashIsOnGoing
                0x000000003ffe8401        0x1 /root/esp/github/esp8266_rtos_sdk_sh1106/build/bootloader/spi_flash/libspi_flash.a(spi_flash.o)
                0x000000003ffe8401                FlashIsOnGoing
 *(.gnu.linkonce.b.*)
 *(COMMON)
                0x000000003ffe8408                . = ALIGN (0x8)
 *fill*         0x000000003ffe8402        0x6 
                0x000000003ffe8408                _bss_end = ABSOLUTE (.)

.data           0x000000003ffe8408       0x18
                0x000000003ffe8408                _data_start = ABSOLUTE (.)
 *(.data)
 *(.data.*)
 .data.g_rom_flashchip
                0x000000003ffe8408       0x18 /root/esp/github/esp8266_rtos_sdk_sh1106/build/bootloader/spi_flash/libspi_flash.a(spi_flash.o)
                0x000000003ffe8408                g_rom_flashchip
 *(.gnu.linkonce.d.*)
 *(.data1)
 *(.sdata)
 *(.sdata.*)
 *(.gnu.linkonce.s.*)
 *(.sdata2)
 *(.sdata2.*)
 *(.gnu.linkonce.s2.*)
 *(.jcr)
                0x000000003ffe8420                _data_end = ABSOLUTE (.)

.rodata         0x000000003ffe8420      0xd00
                0x000000003ffe8420                _rodata_start = ABSOLUTE (.)
 *(.rodata)
 *(.rodata.*)
 .rodata.select_image.str1.4
                0x000000003ffe8420       0x21 /root/esp/github/esp8266_rtos_sdk_sh1106/build/bootloader/main/libmain.a(bootloader_start.o)
 *fill*         0x000000003ffe8441        0x3 
 .rodata.print_flash_info.str1.4
                0x000000003ffe8444       0x88 /root/esp/github/esp8266_rtos_sdk_sh1106/build/bootloader/bootloader_support/libbootloader_support.a(bootloader_init.o)
                                         0x94 (size before relaxing)
 .rodata.print_flash_info
                0x000000003ffe84cc       0x28 /root/esp/github/esp8266_rtos_sdk_sh1106/build/bootloader/bootloader_support/libbootloader_support.a(bootloader_init.o)
 .rodata.bootloader_main.str1.4
                0x000000003ffe84f4       0x72 /root/esp/github/esp8266_rtos_sdk_sh1106/build/bootloader/bootloader_support/libbootloader_support.a(bootloader_init.o)
 *fill*         0x000000003ffe8566        0x2 
 .rodata.log_invalid_app_partition.str1.4
                0x000000003ffe8568       0x68 /root/esp/github/esp8266_rtos_sdk_sh1106/build/bootloader/bootloader_support/libbootloader_support.a(bootloader_utility.o)
                                         0x70 (size before relaxing)
 .rodata.try_load_partition.str1.4
                0x000000003ffe85d0       0x29 /root/esp/github/esp8266_rtos_sdk_sh1106/build/bootloader/bootloader_support/libbootloader_support.a(bootloader_utility.o)
 *fill*         0x000000003ffe85f9        0x3 
 .rodata.bootloader_utility_load_partition_table.str1.4
                0x000000003ffe85fc      0x137 /root/esp/github/esp8266_rtos_sdk_sh1106/build/bootloader/bootloader_support/libbootloader_support.a(bootloader_utility.o)
 *fill*         0x000000003ffe8733        0x1 
 .rodata.bootloader_utility_get_selected_boot_partition.str1.4
                0x000000003ffe8734       0xef /root/esp/github/esp8266_rtos_sdk_sh1106/build/bootloader/bootloader_support/libbootloader_support.a(bootloader_utility.o)
 *fill*         0x000000003ffe8823        0x1 
 .rodata.bootloader_utility_load_boot_image.str1.4
                0x000000003ffe8824       0x9a /root/esp/github/esp8266_rtos_sdk_sh1106/build/bootloader/bootloader_support/libbootloader_support.a(bootloader_utility.o)
 *fill*         0x000000003ffe88be        0x2 
 .rodata.esp_partition_table_basic_verify.str1.4
                0x000000003ffe88c0       0xb4 /root/esp/github/esp8266_rtos_sdk_sh1106/build/bootloader/bootloader_support/libbootloader_support.a(flash_partitions.o)
 .rodata.verify_image_header.str1.4
                0x000000003ffe8974       0x82 /root/esp/github/esp8266_rtos_sdk_sh1106/build/bootloader/bootloader_support/libbootloader_support.a(esp_image_format.o)
 *fill*         0x000000003ffe89f6        0x2 
 .rodata.process_segment_data.str1.4
                0x000000003ffe89f8       0x27 /root/esp/github/esp8266_rtos_sdk_sh1106/build/bootloader/bootloader_support/libbootloader_support.a(esp_image_format.o)
 *fill*         0x000000003ffe8a1f        0x1 
 .rodata.verify_checksum.str1.4
                0x000000003ffe8a20       0x57 /root/esp/github/esp8266_rtos_sdk_sh1106/build/bootloader/bootloader_support/libbootloader_support.a(esp_image_format.o)
 *fill*         0x000000003ffe8a77        0x1 
 .rodata.process_segment.str1.4
                0x000000003ffe8a78       0x8f /root/esp/github/esp8266_rtos_sdk_sh1106/build/bootloader/bootloader_support/libbootloader_support.a(esp_image_format.o)
                                         0x93 (size before relaxing)
 *fill*         0x000000003ffe8b07        0x1 
 .rodata.esp_image_load.str1.4
                0x000000003ffe8b08       0xaf /root/esp/github/esp8266_rtos_sdk_sh1106/build/bootloader/bootloader_support/libbootloader_support.a(esp_image_format.o)
 *fill*         0x000000003ffe8bb7        0x1 
 .rodata.bootloader_mmap.str1.4
                0x000000003ffe8bb8       0x57 /root/esp/github/esp8266_rtos_sdk_sh1106/build/bootloader/bootloader_support/libbootloader_support.a(bootloader_flash.o)
 *fill*         0x000000003ffe8c0f        0x1 
 .rodata.bootloader_flash_read.str1.4
                0x000000003ffe8c10       0x9f /root/esp/github/esp8266_rtos_sdk_sh1106/build/bootloader/bootloader_support/libbootloader_support.a(bootloader_flash.o)
 *fill*         0x000000003ffe8caf        0x1 
 .rodata.esp_spi_flash_init.str1.4
                0x000000003ffe8cb0       0x29 /root/esp/github/esp8266_rtos_sdk_sh1106/build/bootloader/spi_flash/libspi_flash.a(spi_flash.o)
 *fill*         0x000000003ffe8cd9        0x3 
 .rodata.str1.4
                0x000000003ffe8cdc       0x24 /root/esp/github/esp8266_rtos_sdk_sh1106/build/bootloader/log/liblog.a(log.o)
                                         0x22 (size before relaxing)
 .rodata.s_log_prefix
                0x000000003ffe8d00        0x6 /root/esp/github/esp8266_rtos_sdk_sh1106/build/bootloader/log/liblog.a(log.o)
 *fill*         0x000000003ffe8d06        0x2 
 .rodata.s_log_color
                0x000000003ffe8d08       0x18 /root/esp/github/esp8266_rtos_sdk_sh1106/build/bootloader/log/liblog.a(log.o)
 .rodata.crc32_le_table
                0x000000003ffe8d20      0x400 /root/esp/github/esp8266_rtos_sdk_sh1106/build/bootloader/esp8266/libesp8266.a(crc.o)
 *(.gnu.linkonce.r.*)
 *(.rodata1)
                0x000000003ffe9120                __XT_EXCEPTION_TABLE_ = ABSOLUTE (.)
 *(.xt_except_table)
 *(.gcc_except_table)
 *(.gnu.linkonce.e.*)
 *(.gnu.version_r)
 *(.eh_frame)
                0x000000003ffe9120                . = ((. + 0x3) & 0xfffffffffffffffc)
                0x000000003ffe9120                __init_array_start = ABSOLUTE (.)
 *crtbegin.o(.ctors)
 *(EXCLUDE_FILE(*crtend.o) .ctors)
 *(SORT_BY_NAME(.ctors.*))
 *(.ctors)
                0x000000003ffe9120                __init_array_end = ABSOLUTE (.)
 *crtbegin.o(.dtors)
 *(EXCLUDE_FILE(*crtend.o) .dtors)
 *(SORT_BY_NAME(.dtors.*))
 *(.dtors)
                0x000000003ffe9120                __XT_EXCEPTION_DESCS_ = ABSOLUTE (.)
 *(.xt_except_desc)
 *(.gnu.linkonce.h.*)
                0x000000003ffe9120                __XT_EXCEPTION_DESCS_END__ = ABSOLUTE (.)
 *(.xt_except_desc_end)
 *(.dynamic)
 *(.gnu.version_d)
                0x000000003ffe9120                _rodata_end = ABSOLUTE (.)
                0x000000003ffe9120                _lit4_start = ABSOLUTE (.)
 *(*.lit4)
 *(.lit4.*)
 *(.gnu.linkonce.lit4.*)
                0x000000003ffe9120                _lit4_end = ABSOLUTE (.)
                0x000000003ffe9120                . = ALIGN (0x4)
                0x000000003ffe9120                _heap_start = ABSOLUTE (.)
                0x0000000060001100                PROVIDE (rtc_sys_info = 0x60001100)
                0x00000000400040c0                PROVIDE (SPI_sector_erase = 0x400040c0)
                0x0000000040004174                PROVIDE (SPI_page_program = 0x40004174)
                0x00000000400042ac                PROVIDE (SPI_read_data = 0x400042ac)
                0x00000000400043c8                PROVIDE (SPI_read_status = 0x400043c8)
                0x0000000040004400                PROVIDE (SPI_write_status = 0x40004400)
                0x000000004000443c                PROVIDE (SPI_write_enable = 0x4000443c)
                0x000000004000448c                PROVIDE (Wait_SPI_Idle = 0x4000448c)
                0x00000000400044c0                PROVIDE (Enable_QMode = 0x400044c0)
                [!provide]                        PROVIDE (Disable_QMode = 0x40004508)
                0x0000000040004678                PROVIDE (Cache_Read_Enable = 0x40004678)
                0x00000000400047f0                PROVIDE (Cache_Read_Disable = 0x400047f0)
                [!provide]                        PROVIDE (lldesc_build_chain = 0x40004f40)
                [!provide]                        PROVIDE (lldesc_num2link = 0x40005050)
                [!provide]                        PROVIDE (lldesc_set_owner = 0x4000507c)
                0x000000004000c538                __adddf3 = 0x4000c538
                0x000000004000c180                __addsf3 = 0x4000c180
                0x000000004000cb94                __divdf3 = 0x4000cb94
                0x000000004000ce60                __divdi3 = 0x4000ce60
                0x000000004000dc88                __divsi3 = 0x4000dc88
                0x000000004000cdfc                __extendsfdf2 = 0x4000cdfc
                0x000000004000ccb8                __fixdfsi = 0x4000ccb8
                0x000000004000cd00                __fixunsdfsi = 0x4000cd00
                0x000000004000c4c4                __fixunssfsi = 0x4000c4c4
                0x000000004000e2f0                __floatsidf = 0x4000e2f0
                0x000000004000e2ac                __floatsisf = 0x4000e2ac
                0x000000004000e2e8                __floatunsidf = 0x4000e2e8
                0x000000004000e2a4                __floatunsisf = 0x4000e2a4
                0x000000004000c8f0                __muldf3 = 0x4000c8f0
                0x0000000040000650                __muldi3 = 0x40000650
                0x000000004000c3dc                __mulsf3 = 0x4000c3dc
                0x000000004000c688                __subdf3 = 0x4000c688
                0x000000004000c268                __subsf3 = 0x4000c268
                0x000000004000cd5c                __truncdfsf2 = 0x4000cd5c
                0x000000004000d310                __udivdi3 = 0x4000d310
                0x000000004000e21c                __udivsi3 = 0x4000e21c
                0x000000004000d770                __umoddi3 = 0x4000d770
                0x000000004000e268                __umodsi3 = 0x4000e268
                0x000000004000dcf0                __umulsidi3 = 0x4000dcf0
                0x000000004000de84                bzero = 0x4000de84
                0x000000004000dea8                memcmp = 0x4000dea8
                0x000000004000df48                memcpy = 0x4000df48
                0x000000004000e04c                memmove = 0x4000e04c
                0x000000004000e190                memset = 0x4000e190
                0x000000004000bdc8                strcmp = 0x4000bdc8
                0x000000004000bec8                strcpy = 0x4000bec8
                0x000000004000bf4c                strlen = 0x4000bf4c
                0x000000004000bfa8                strncmp = 0x4000bfa8
                0x000000004000c0a0                strncpy = 0x4000c0a0
                0x000000004000e1e0                strstr = 0x4000e1e0
                0x0000000040004cf0                PROVIDE (gpio_input_get = 0x40004cf0)
                [!provide]                        PROVIDE (gpio_pin_wakeup_disable = 0x40004ed4)
                [!provide]                        PROVIDE (gpio_pin_wakeup_enable = 0x40004e90)
                0x0000000040001f00                PROVIDE (ets_io_vprintf = 0x40001f00)
                [!provide]                        PROVIDE (uart_rx_one_char = 0x40003b8c)
                [!provide]                        PROVIDE (rom_i2c_readReg = 0x40007268)
                [!provide]                        PROVIDE (rom_i2c_readReg_Mask = 0x4000729c)
                [!provide]                        PROVIDE (rom_i2c_writeReg = 0x400072d8)
                [!provide]                        PROVIDE (rom_i2c_writeReg_Mask = 0x4000730c)
                [!provide]                        PROVIDE (rom_software_reboot = 0x40000080)
                [!provide]                        PROVIDE (ets_memcpy = 0x400018b4)
                0x0000000040004b1c                PROVIDE (SPIRead = 0x40004b1c)
                0x0000000040004a4c                PROVIDE (SPIWrite = 0x40004a4c)
                0x0000000040004a00                PROVIDE (SPIEraseSector = 0x40004a00)
                [!provide]                        PROVIDE (gpio_input_get = 0x40004cf0)
                [!provide]                        PROVIDE (xthal_get_ccount = 0x4000dd38)
                [!provide]                        PROVIDE (uart_div_modify = 0x400039d8)
                [!provide]                        PROVIDE (ets_io_vprintf = 0x40001f00)
OUTPUT(/root/esp/github/esp8266_rtos_sdk_sh1106/build/bootloader/bootloader.elf elf32-xtensa-le)

.debug_frame    0x0000000000000000      0xb00
 .debug_frame   0x0000000000000000       0x74 /root/esp/github/esp8266_rtos_sdk_sh1106/build/bootloader/main/libmain.a(bootloader_start.o)
 .debug_frame   0x0000000000000074       0xb4 /root/esp/github/esp8266_rtos_sdk_sh1106/build/bootloader/bootloader_support/libbootloader_support.a(bootloader_init.o)
 .debug_frame   0x0000000000000128      0x140 /root/esp/github/esp8266_rtos_sdk_sh1106/build/bootloader/bootloader_support/libbootloader_support.a(bootloader_utility.o)
 .debug_frame   0x0000000000000268       0x74 /root/esp/github/esp8266_rtos_sdk_sh1106/build/bootloader/bootloader_support/libbootloader_support.a(bootloader_common.o)
 .debug_frame   0x00000000000002dc       0x38 /root/esp/github/esp8266_rtos_sdk_sh1106/build/bootloader/bootloader_support/libbootloader_support.a(flash_partitions.o)
 .debug_frame   0x0000000000000314      0x13c /root/esp/github/esp8266_rtos_sdk_sh1106/build/bootloader/bootloader_support/libbootloader_support.a(esp_image_format.o)
 .debug_frame   0x0000000000000450       0xdc /root/esp/github/esp8266_rtos_sdk_sh1106/build/bootloader/bootloader_support/libbootloader_support.a(bootloader_flash.o)
 .debug_frame   0x000000000000052c      0x350 /root/esp/github/esp8266_rtos_sdk_sh1106/build/bootloader/spi_flash/libspi_flash.a(spi_flash.o)
 .debug_frame   0x000000000000087c      0x16c /root/esp/github/esp8266_rtos_sdk_sh1106/build/bootloader/spi_flash/libspi_flash.a(spi_flash_raw.o)
 .debug_frame   0x00000000000009e8       0x58 /root/esp/github/esp8266_rtos_sdk_sh1106/build/bootloader/log/liblog.a(log.o)
 .debug_frame   0x0000000000000a40       0x80 /root/esp/github/esp8266_rtos_sdk_sh1106/build/bootloader/esp8266/libesp8266.a(ets_printf.o)
 .debug_frame   0x0000000000000ac0       0x40 /root/esp/github/esp8266_rtos_sdk_sh1106/build/bootloader/esp8266/libesp8266.a(crc.o)

.debug_info     0x0000000000000000     0xc707
 .debug_info    0x0000000000000000      0xd7f /root/esp/github/esp8266_rtos_sdk_sh1106/build/bootloader/main/libmain.a(bootloader_start.o)
 .debug_info    0x0000000000000d7f      0xe6f /root/esp/github/esp8266_rtos_sdk_sh1106/build/bootloader/bootloader_support/libbootloader_support.a(bootloader_init.o)
 .debug_info    0x0000000000001bee     0x178d /root/esp/github/esp8266_rtos_sdk_sh1106/build/bootloader/bootloader_support/libbootloader_support.a(bootloader_utility.o)
 .debug_info    0x000000000000337b     0x12b3 /root/esp/github/esp8266_rtos_sdk_sh1106/build/bootloader/bootloader_support/libbootloader_support.a(bootloader_common.o)
 .debug_info    0x000000000000462e      0xca5 /root/esp/github/esp8266_rtos_sdk_sh1106/build/bootloader/bootloader_support/libbootloader_support.a(flash_partitions.o)
 .debug_info    0x00000000000052d3     0x16ca /root/esp/github/esp8266_rtos_sdk_sh1106/build/bootloader/bootloader_support/libbootloader_support.a(esp_image_format.o)
 .debug_info    0x000000000000699d      0xe3a /root/esp/github/esp8266_rtos_sdk_sh1106/build/bootloader/bootloader_support/libbootloader_support.a(bootloader_flash.o)
 .debug_info    0x00000000000077d7     0x1e00 /root/esp/github/esp8266_rtos_sdk_sh1106/build/bootloader/spi_flash/libspi_flash.a(spi_flash.o)
 .debug_info    0x00000000000095d7     0x10c9 /root/esp/github/esp8266_rtos_sdk_sh1106/build/bootloader/spi_flash/libspi_flash.a(spi_flash_raw.o)
 .debug_info    0x000000000000a6a0     0x12ba /root/esp/github/esp8266_rtos_sdk_sh1106/build/bootloader/log/liblog.a(log.o)
 .debug_info    0x000000000000b95a      0xb66 /root/esp/github/esp8266_rtos_sdk_sh1106/build/bootloader/esp8266/libesp8266.a(ets_printf.o)
 .debug_info    0x000000000000c4c0      0x247 /root/esp/github/esp8266_rtos_sdk_sh1106/build/bootloader/esp8266/libesp8266.a(crc.o)

.debug_abbrev   0x0000000000000000     0x217f
 .debug_abbrev  0x0000000000000000      0x2a2 /root/esp/github/esp8266_rtos_sdk_sh1106/build/bootloader/main/libmain.a(bootloader_start.o)
 .debug_abbrev  0x00000000000002a2      0x302 /root/esp/github/esp8266_rtos_sdk_sh1106/build/bootloader/bootloader_support/libbootloader_support.a(bootloader_init.o)
 .debug_abbrev  0x00000000000005a4      0x355 /root/esp/github/esp8266_rtos_sdk_sh1106/build/bootloader/bootloader_support/libbootloader_support.a(bootloader_utility.o)
 .debug_abbrev  0x00000000000008f9      0x2c7 /root/esp/github/esp8266_rtos_sdk_sh1106/build/bootloader/bootloader_support/libbootloader_support.a(bootloader_common.o)
 .debug_abbrev  0x0000000000000bc0      0x271 /root/esp/github/esp8266_rtos_sdk_sh1106/build/bootloader/bootloader_support/libbootloader_support.a(flash_partitions.o)
 .debug_abbrev  0x0000000000000e31      0x316 /root/esp/github/esp8266_rtos_sdk_sh1106/build/bootloader/bootloader_support/libbootloader_support.a(esp_image_format.o)
 .debug_abbrev  0x0000000000001147      0x2aa /root/esp/github/esp8266_rtos_sdk_sh1106/build/bootloader/bootloader_support/libbootloader_support.a(bootloader_flash.o)
 .debug_abbrev  0x00000000000013f1      0x45b /root/esp/github/esp8266_rtos_sdk_sh1106/build/bootloader/spi_flash/libspi_flash.a(spi_flash.o)
 .debug_abbrev  0x000000000000184c      0x29d /root/esp/github/esp8266_rtos_sdk_sh1106/build/bootloader/spi_flash/libspi_flash.a(spi_flash_raw.o)
 .debug_abbrev  0x0000000000001ae9      0x315 /root/esp/github/esp8266_rtos_sdk_sh1106/build/bootloader/log/liblog.a(log.o)
 .debug_abbrev  0x0000000000001dfe      0x2a2 /root/esp/github/esp8266_rtos_sdk_sh1106/build/bootloader/esp8266/libesp8266.a(ets_printf.o)
 .debug_abbrev  0x00000000000020a0       0xdf /root/esp/github/esp8266_rtos_sdk_sh1106/build/bootloader/esp8266/libesp8266.a(crc.o)

.debug_loc      0x0000000000000000     0x36b8
 .debug_loc     0x0000000000000000       0x9b /root/esp/github/esp8266_rtos_sdk_sh1106/build/bootloader/main/libmain.a(bootloader_start.o)
 .debug_loc     0x000000000000009b       0xe6 /root/esp/github/esp8266_rtos_sdk_sh1106/build/bootloader/bootloader_support/libbootloader_support.a(bootloader_init.o)
 .debug_loc     0x0000000000000181      0x717 /root/esp/github/esp8266_rtos_sdk_sh1106/build/bootloader/bootloader_support/libbootloader_support.a(bootloader_utility.o)
 .debug_loc     0x0000000000000898      0x18f /root/esp/github/esp8266_rtos_sdk_sh1106/build/bootloader/bootloader_support/libbootloader_support.a(bootloader_common.o)
 .debug_loc     0x0000000000000a27      0x11a /root/esp/github/esp8266_rtos_sdk_sh1106/build/bootloader/bootloader_support/libbootloader_support.a(flash_partitions.o)
 .debug_loc     0x0000000000000b41      0xb53 /root/esp/github/esp8266_rtos_sdk_sh1106/build/bootloader/bootloader_support/libbootloader_support.a(esp_image_format.o)
 .debug_loc     0x0000000000001694      0x427 /root/esp/github/esp8266_rtos_sdk_sh1106/build/bootloader/bootloader_support/libbootloader_support.a(bootloader_flash.o)
 .debug_loc     0x0000000000001abb     0x11dd /root/esp/github/esp8266_rtos_sdk_sh1106/build/bootloader/spi_flash/libspi_flash.a(spi_flash.o)
 .debug_loc     0x0000000000002c98      0x668 /root/esp/github/esp8266_rtos_sdk_sh1106/build/bootloader/spi_flash/libspi_flash.a(spi_flash_raw.o)
 .debug_loc     0x0000000000003300      0x119 /root/esp/github/esp8266_rtos_sdk_sh1106/build/bootloader/log/liblog.a(log.o)
 .debug_loc     0x0000000000003419       0xe9 /root/esp/github/esp8266_rtos_sdk_sh1106/build/bootloader/esp8266/libesp8266.a(ets_printf.o)
 .debug_loc     0x0000000000003502      0x1b6 /root/esp/github/esp8266_rtos_sdk_sh1106/build/bootloader/esp8266/libesp8266.a(crc.o)

.debug_aranges  0x0000000000000000      0x3b0
 .debug_aranges
                0x0000000000000000       0x30 /root/esp/github/esp8266_rtos_sdk_sh1106/build/bootloader/main/libmain.a(bootloader_start.o)
 .debug_aranges
                0x0000000000000030       0x40 /root/esp/github/esp8266_rtos_sdk_sh1106/build/bootloader/bootloader_support/libbootloader_support.a(bootloader_init.o)
 .debug_aranges
                0x0000000000000070       0x60 /root/esp/github/esp8266_rtos_sdk_sh1106/build/bootloader/bootloader_support/libbootloader_support.a(bootloader_utility.o)
 .debug_aranges
                0x00000000000000d0       0x30 /root/esp/github/esp8266_rtos_sdk_sh1106/build/bootloader/bootloader_support/libbootloader_support.a(bootloader_common.o)
 .debug_aranges
                0x0000000000000100       0x20 /root/esp/github/esp8266_rtos_sdk_sh1106/build/bootloader/bootloader_support/libbootloader_support.a(flash_partitions.o)
 .debug_aranges
                0x0000000000000120       0x60 /root/esp/github/esp8266_rtos_sdk_sh1106/build/bootloader/bootloader_support/libbootloader_support.a(esp_image_format.o)
 .debug_aranges
                0x0000000000000180       0x48 /root/esp/github/esp8266_rtos_sdk_sh1106/build/bootloader/bootloader_support/libbootloader_support.a(bootloader_flash.o)
 .debug_aranges
                0x00000000000001c8       0xe8 /root/esp/github/esp8266_rtos_sdk_sh1106/build/bootloader/spi_flash/libspi_flash.a(spi_flash.o)
 .debug_aranges
                0x00000000000002b0       0x70 /root/esp/github/esp8266_rtos_sdk_sh1106/build/bootloader/spi_flash/libspi_flash.a(spi_flash_raw.o)
 .debug_aranges
                0x0000000000000320       0x28 /root/esp/github/esp8266_rtos_sdk_sh1106/build/bootloader/log/liblog.a(log.o)
 .debug_aranges
                0x0000000000000348       0x38 /root/esp/github/esp8266_rtos_sdk_sh1106/build/bootloader/esp8266/libesp8266.a(ets_printf.o)
 .debug_aranges
                0x0000000000000380       0x30 /root/esp/github/esp8266_rtos_sdk_sh1106/build/bootloader/esp8266/libesp8266.a(crc.o)

.debug_ranges   0x0000000000000000      0x320
 .debug_ranges  0x0000000000000000       0x20 /root/esp/github/esp8266_rtos_sdk_sh1106/build/bootloader/main/libmain.a(bootloader_start.o)
 .debug_ranges  0x0000000000000020       0x30 /root/esp/github/esp8266_rtos_sdk_sh1106/build/bootloader/bootloader_support/libbootloader_support.a(bootloader_init.o)
 .debug_ranges  0x0000000000000050       0x50 /root/esp/github/esp8266_rtos_sdk_sh1106/build/bootloader/bootloader_support/libbootloader_support.a(bootloader_utility.o)
 .debug_ranges  0x00000000000000a0       0x20 /root/esp/github/esp8266_rtos_sdk_sh1106/build/bootloader/bootloader_support/libbootloader_support.a(bootloader_common.o)
 .debug_ranges  0x00000000000000c0       0x10 /root/esp/github/esp8266_rtos_sdk_sh1106/build/bootloader/bootloader_support/libbootloader_support.a(flash_partitions.o)
 .debug_ranges  0x00000000000000d0       0x68 /root/esp/github/esp8266_rtos_sdk_sh1106/build/bootloader/bootloader_support/libbootloader_support.a(esp_image_format.o)
 .debug_ranges  0x0000000000000138       0x38 /root/esp/github/esp8266_rtos_sdk_sh1106/build/bootloader/bootloader_support/libbootloader_support.a(bootloader_flash.o)
 .debug_ranges  0x0000000000000170       0xf0 /root/esp/github/esp8266_rtos_sdk_sh1106/build/bootloader/spi_flash/libspi_flash.a(spi_flash.o)
 .debug_ranges  0x0000000000000260       0x60 /root/esp/github/esp8266_rtos_sdk_sh1106/build/bootloader/spi_flash/libspi_flash.a(spi_flash_raw.o)
 .debug_ranges  0x00000000000002c0       0x18 /root/esp/github/esp8266_rtos_sdk_sh1106/build/bootloader/log/liblog.a(log.o)
 .debug_ranges  0x00000000000002d8       0x28 /root/esp/github/esp8266_rtos_sdk_sh1106/build/bootloader/esp8266/libesp8266.a(ets_printf.o)
 .debug_ranges  0x0000000000000300       0x20 /root/esp/github/esp8266_rtos_sdk_sh1106/build/bootloader/esp8266/libesp8266.a(crc.o)

.debug_line     0x0000000000000000     0x782d
 .debug_line    0x0000000000000000      0x4a0 /root/esp/github/esp8266_rtos_sdk_sh1106/build/bootloader/main/libmain.a(bootloader_start.o)
 .debug_line    0x00000000000004a0      0x770 /root/esp/github/esp8266_rtos_sdk_sh1106/build/bootloader/bootloader_support/libbootloader_support.a(bootloader_init.o)
 .debug_line    0x0000000000000c10     0x12bb /root/esp/github/esp8266_rtos_sdk_sh1106/build/bootloader/bootloader_support/libbootloader_support.a(bootloader_utility.o)
 .debug_line    0x0000000000001ecb      0x555 /root/esp/github/esp8266_rtos_sdk_sh1106/build/bootloader/bootloader_support/libbootloader_support.a(bootloader_common.o)
 .debug_line    0x0000000000002420      0x57b /root/esp/github/esp8266_rtos_sdk_sh1106/build/bootloader/bootloader_support/libbootloader_support.a(flash_partitions.o)
 .debug_line    0x000000000000299b     0x118c /root/esp/github/esp8266_rtos_sdk_sh1106/build/bootloader/bootloader_support/libbootloader_support.a(esp_image_format.o)
 .debug_line    0x0000000000003b27      0x7d5 /root/esp/github/esp8266_rtos_sdk_sh1106/build/bootloader/bootloader_support/libbootloader_support.a(bootloader_flash.o)
 .debug_line    0x00000000000042fc     0x1e67 /root/esp/github/esp8266_rtos_sdk_sh1106/build/bootloader/spi_flash/libspi_flash.a(spi_flash.o)
 .debug_line    0x0000000000006163      0xb5b /root/esp/github/esp8266_rtos_sdk_sh1106/build/bootloader/spi_flash/libspi_flash.a(spi_flash_raw.o)
 .debug_line    0x0000000000006cbe      0x49d /root/esp/github/esp8266_rtos_sdk_sh1106/build/bootloader/log/liblog.a(log.o)
 .debug_line    0x000000000000715b      0x392 /root/esp/github/esp8266_rtos_sdk_sh1106/build/bootloader/esp8266/libesp8266.a(ets_printf.o)
 .debug_line    0x00000000000074ed      0x340 /root/esp/github/esp8266_rtos_sdk_sh1106/build/bootloader/esp8266/libesp8266.a(crc.o)

.debug_str      0x0000000000000000     0x2585
 .debug_str     0x0000000000000000      0x828 /root/esp/github/esp8266_rtos_sdk_sh1106/build/bootloader/main/libmain.a(bootloader_start.o)
                                        0x8fd (size before relaxing)
 .debug_str     0x0000000000000828      0x380 /root/esp/github/esp8266_rtos_sdk_sh1106/build/bootloader/bootloader_support/libbootloader_support.a(bootloader_init.o)
                                        0xa49 (size before relaxing)
 .debug_str     0x0000000000000ba8      0x2df /root/esp/github/esp8266_rtos_sdk_sh1106/build/bootloader/bootloader_support/libbootloader_support.a(bootloader_utility.o)
                                        0xbb2 (size before relaxing)
 .debug_str     0x0000000000000e87      0xab2 /root/esp/github/esp8266_rtos_sdk_sh1106/build/bootloader/bootloader_support/libbootloader_support.a(bootloader_common.o)
                                       0x10e0 (size before relaxing)
 .debug_str     0x0000000000001939       0x7a /root/esp/github/esp8266_rtos_sdk_sh1106/build/bootloader/bootloader_support/libbootloader_support.a(flash_partitions.o)
                                        0x7ce (size before relaxing)
 .debug_str     0x00000000000019b3      0x1cb /root/esp/github/esp8266_rtos_sdk_sh1106/build/bootloader/bootloader_support/libbootloader_support.a(esp_image_format.o)
                                        0xba0 (size before relaxing)
 .debug_str     0x0000000000001b7e      0x12c /root/esp/github/esp8266_rtos_sdk_sh1106/build/bootloader/bootloader_support/libbootloader_support.a(bootloader_flash.o)
                                        0x7b6 (size before relaxing)
 .debug_str     0x0000000000001caa      0x532 /root/esp/github/esp8266_rtos_sdk_sh1106/build/bootloader/spi_flash/libspi_flash.a(spi_flash.o)
                                        0xd38 (size before relaxing)
 .debug_str     0x00000000000021dc      0x122 /root/esp/github/esp8266_rtos_sdk_sh1106/build/bootloader/spi_flash/libspi_flash.a(spi_flash_raw.o)
                                        0x8e0 (size before relaxing)
 .debug_str     0x00000000000022fe      0x124 /root/esp/github/esp8266_rtos_sdk_sh1106/build/bootloader/log/liblog.a(log.o)
                                       0x1049 (size before relaxing)
 .debug_str     0x0000000000002422       0xaf /root/esp/github/esp8266_rtos_sdk_sh1106/build/bootloader/esp8266/libesp8266.a(ets_printf.o)
                                        0x6ae (size before relaxing)
 .debug_str     0x00000000000024d1       0xb4 /root/esp/github/esp8266_rtos_sdk_sh1106/build/bootloader/esp8266/libesp8266.a(crc.o)
                                        0x1cf (size before relaxing)

.comment        0x0000000000000000       0x6b
 .comment       0x0000000000000000       0x31 /root/esp/github/esp8266_rtos_sdk_sh1106/build/bootloader/main/libmain.a(bootloader_start.o)
                                         0x32 (size before relaxing)
 .comment       0x0000000000000031       0x32 /root/esp/github/esp8266_rtos_sdk_sh1106/build/bootloader/bootloader_support/libbootloader_support.a(bootloader_init.o)
 .comment       0x0000000000000031       0x32 /root/esp/github/esp8266_rtos_sdk_sh1106/build/bootloader/bootloader_support/libbootloader_support.a(bootloader_utility.o)
 .comment       0x0000000000000031       0x32 /root/esp/github/esp8266_rtos_sdk_sh1106/build/bootloader/bootloader_support/libbootloader_support.a(bootloader_common.o)
 .comment       0x0000000000000031       0x32 /root/esp/github/esp8266_rtos_sdk_sh1106/build/bootloader/bootloader_support/libbootloader_support.a(flash_partitions.o)
 .comment       0x0000000000000031       0x32 /root/esp/github/esp8266_rtos_sdk_sh1106/build/bootloader/bootloader_support/libbootloader_support.a(esp_image_format.o)
 .comment       0x0000000000000031       0x32 /root/esp/github/esp8266_rtos_sdk_sh1106/build/bootloader/bootloader_support/libbootloader_support.a(bootloader_flash.o)
 .comment       0x0000000000000031       0x32 /root/esp/github/esp8266_rtos_sdk_sh1106/build/bootloader/spi_flash/libspi_flash.a(spi_flash.o)
 .comment       0x0000000000000031       0x32 /root/esp/github/esp8266_rtos_sdk_sh1106/build/bootloader/spi_flash/libspi_flash.a(spi_flash_raw.o)
 .comment       0x0000000000000031       0x32 /root/esp/github/esp8266_rtos_sdk_sh1106/build/bootloader/log/liblog.a(log.o)
 .comment       0x0000000000000031       0x32 /root/esp/github/esp8266_rtos_sdk_sh1106/build/bootloader/esp8266/libesp8266.a(ets_printf.o)
 .comment       0x0000000000000031       0x32 /root/esp/github/esp8266_rtos_sdk_sh1106/build/bootloader/esp8266/libesp8266.a(crc.o)
 .comment       0x0000000000000031       0x3a /root/esp/ESP8266_RTOS_SDK/components/esp8266/lib/libcore.a(phy.o)
                                         0x3b (size before relaxing)
 .comment       0x000000000000006b       0x3b /root/esp/ESP8266_RTOS_SDK/components/esp8266/lib/libcore.a(uart.o)

.xtensa.info    0x0000000000000000       0x38
 .xtensa.info   0x0000000000000000       0x38 /root/esp/github/esp8266_rtos_sdk_sh1106/build/bootloader/main/libmain.a(bootloader_start.o)
 .xtensa.info   0x0000000000000038        0x0 /root/esp/github/esp8266_rtos_sdk_sh1106/build/bootloader/bootloader_support/libbootloader_support.a(bootloader_init.o)
 .xtensa.info   0x0000000000000038        0x0 /root/esp/github/esp8266_rtos_sdk_sh1106/build/bootloader/bootloader_support/libbootloader_support.a(bootloader_utility.o)
 .xtensa.info   0x0000000000000038        0x0 /root/esp/github/esp8266_rtos_sdk_sh1106/build/bootloader/bootloader_support/libbootloader_support.a(bootloader_common.o)
 .xtensa.info   0x0000000000000038        0x0 /root/esp/github/esp8266_rtos_sdk_sh1106/build/bootloader/bootloader_support/libbootloader_support.a(flash_partitions.o)
 .xtensa.info   0x0000000000000038        0x0 /root/esp/github/esp8266_rtos_sdk_sh1106/build/bootloader/bootloader_support/libbootloader_support.a(esp_image_format.o)
 .xtensa.info   0x0000000000000038        0x0 /root/esp/github/esp8266_rtos_sdk_sh1106/build/bootloader/bootloader_support/libbootloader_support.a(bootloader_flash.o)
 .xtensa.info   0x0000000000000038        0x0 /root/esp/github/esp8266_rtos_sdk_sh1106/build/bootloader/spi_flash/libspi_flash.a(spi_flash.o)
 .xtensa.info   0x0000000000000038        0x0 /root/esp/github/esp8266_rtos_sdk_sh1106/build/bootloader/spi_flash/libspi_flash.a(spi_flash_raw.o)
 .xtensa.info   0x0000000000000038        0x0 /root/esp/github/esp8266_rtos_sdk_sh1106/build/bootloader/log/liblog.a(log.o)
 .xtensa.info   0x0000000000000038        0x0 /root/esp/github/esp8266_rtos_sdk_sh1106/build/bootloader/esp8266/libesp8266.a(ets_printf.o)
 .xtensa.info   0x0000000000000038        0x0 /root/esp/github/esp8266_rtos_sdk_sh1106/build/bootloader/esp8266/libesp8266.a(crc.o)
 .xtensa.info   0x0000000000000038        0x0 /root/esp/github/esp8266_rtos_sdk_sh1106/build/bootloader/esp8266/libesp8266.a(esp_fast_boot.o)
 .xtensa.info   0x0000000000000038        0x0 /root/esp/ESP8266_RTOS_SDK/components/esp8266/lib/libcore.a(phy.o)
 .xtensa.info   0x0000000000000038        0x0 /root/esp/ESP8266_RTOS_SDK/components/esp8266/lib/libcore.a(uart.o)
